{"stage": "reference", "theta": 0.11, "paths": 128, "seconds": 297.53652899339795}
{"stage": "reference", "theta": 0.13, "paths": 128, "seconds": 255.78772670403123}
{"kind": "rfm", "seed": 11, "steps": 600, "first50_mean": 2.1110941100120546, "last50_mean": 1.6110288763046265, "seconds": 14.681386698037386, "max_gradient": 15.771727561950684, "parameters": 4666, "checkpoint_sha256": "6158c26e04a4c8b537a316a362b4c5ba9d98663988c793fc950bf3153ba68bb6"}
{"kind": "rfm", "seed": 22, "steps": 600, "first50_mean": 2.0700079154968263, "last50_mean": 1.67132741689682, "seconds": 10.74718465283513, "max_gradient": 15.64230728149414, "parameters": 4666, "checkpoint_sha256": "7d75db74ea7da4be4b55cc053ba26089e2c0f87b1483527425484fafe23dd275"}
{"kind": "rfm", "seed": 33, "steps": 600, "first50_mean": 2.070328624248505, "last50_mean": 1.5896043348312379, "seconds": 10.915135275572538, "max_gradient": 19.206024169921875, "parameters": 4666, "checkpoint_sha256": "f016d7c994996d6b3e57548a98b0421d039f626db9ca9a687c95964575ca9174"}
{"kind": "deterministic", "seed": 11, "steps": 600, "first50_mean": 1.0404173922538758, "last50_mean": 1.0185597252845764, "seconds": 10.836037781089544, "max_gradient": 0.07788768410682678, "parameters": 4666, "checkpoint_sha256": "f07d2844c7a9c2869dd88000fcce7f20af413a269babdeaba30f32b5a5c7df6b"}
{"kind": "deterministic", "seed": 22, "steps": 600, "first50_mean": 0.9621411037445068, "last50_mean": 0.9109693294763566, "seconds": 10.893173597753048, "max_gradient": 0.10613358020782471, "parameters": 4666, "checkpoint_sha256": "f05c4a49541202fca87be42238740397ba8b1a8291c181227a0af83bc8560168"}
{"kind": "deterministic", "seed": 33, "steps": 600, "first50_mean": 0.9431768155097962, "last50_mean": 1.0209019595384599, "seconds": 10.044142216444016, "max_gradient": 0.15537893772125244, "parameters": 4666, "checkpoint_sha256": "1a04d9168dcb524c822f87622576a2c88f6967cfd10ea22efdcf16f3d95e60de"}
{"kind": "euclidean", "seed": 11, "steps": 600, "first50_mean": 2.5385953521728517, "last50_mean": 1.7780413222312927, "seconds": 8.704630352556705, "max_gradient": 36.17485809326172, "parameters": 4666, "checkpoint_sha256": "fe29d95e4b091c669ebd4d38be56064df746311a973cb563fdbe93c8c3a5a891"}
{"kind": "euclidean", "seed": 22, "steps": 600, "first50_mean": 2.4974323320388794, "last50_mean": 1.786134431362152, "seconds": 8.789826225489378, "max_gradient": 38.496070861816406, "parameters": 4666, "checkpoint_sha256": "50a8ce49087eea53f16da33ddcb45513ceae6ca0f94ad7c9d0fc5258e55677d8"}
{"kind": "euclidean", "seed": 33, "steps": 600, "first50_mean": 2.53802734375, "last50_mean": 1.778083770275116, "seconds": 8.76010999083519, "max_gradient": 59.83622360229492, "parameters": 4666, "checkpoint_sha256": "8cc6a0ddffaad6161de61256380c95e057ab19c2d226e49e2f4b4ea00d8a2d5d"}
{"kind": "autoregressive", "seed": 11, "steps": 600, "first50_mean": -0.517076706290245, "last50_mean": -0.8480929446220398, "seconds": 10.733344174921513, "max_gradient": 6.732899188995361, "parameters": 4667, "checkpoint_sha256": "16d8a023a5879d98ab30ef63527061b71076453d37d732000ff7392e761ca575"}
{"kind": "autoregressive", "seed": 22, "steps": 600, "first50_mean": -0.5173732852935791, "last50_mean": -0.8587868249416352, "seconds": 10.92003969475627, "max_gradient": 8.174955368041992, "parameters": 4667, "checkpoint_sha256": "c59b8651d3991b4372d3fed0c3045f38371dce18b4cfd7a6e5eb1c21d88c7654"}
{"kind": "autoregressive", "seed": 33, "steps": 600, "first50_mean": -0.5170246940851212, "last50_mean": -0.8642577803134919, "seconds": 8.687871512025595, "max_gradient": 6.764872074127197, "parameters": 4667, "checkpoint_sha256": "ba1ea1aa7dcbb6150a0e312cf61fca531b5d90e5409cba293b17b9dcb8fd670c"}
{"stage": "sampling", "kind": "rfm", "seed": 11, "theta": 0.11, "finite": true, "norm_max": 1.1920928955078125e-07, "initial_error": 0.0, "seconds": 1.1226854734122753, "seconds_scope": "RFM includes both32/64-step samples; others one sampling run"}
{"stage": "sampling", "kind": "rfm", "seed": 22, "theta": 0.11, "finite": true, "norm_max": 1.1920928955078125e-07, "initial_error": 0.0, "seconds": 1.0022436268627644, "seconds_scope": "RFM includes both32/64-step samples; others one sampling run"}
{"stage": "sampling", "kind": "rfm", "seed": 33, "theta": 0.11, "finite": true, "norm_max": 1.1920928955078125e-07, "initial_error": 0.0, "seconds": 1.0028370209038258, "seconds_scope": "RFM includes both32/64-step samples; others one sampling run"}
{"stage": "sampling", "kind": "deterministic", "seed": 11, "theta": 0.11, "finite": true, "norm_max": 5.960464477539063e-08, "initial_error": 0.0, "seconds": 0.04765649139881134, "seconds_scope": "RFM includes both32/64-step samples; others one sampling run"}
{"stage": "sampling", "kind": "deterministic", "seed": 22, "theta": 0.11, "finite": true, "norm_max": 5.960464477539063e-08, "initial_error": 0.0, "seconds": 0.047166794538497925, "seconds_scope": "RFM includes both32/64-step samples; others one sampling run"}
{"stage": "sampling", "kind": "deterministic", "seed": 33, "theta": 0.11, "finite": true, "norm_max": 5.960464477539063e-08, "initial_error": 0.0, "seconds": 0.04690104350447655, "seconds_scope": "RFM includes both32/64-step samples; others one sampling run"}
{"stage": "sampling", "kind": "euclidean", "seed": 11, "theta": 0.11, "finite": true, "norm_max": 1.3739147186279297, "initial_error": 0.0, "seconds": 0.33968687057495117, "seconds_scope": "RFM includes both32/64-step samples; others one sampling run"}
{"stage": "sampling", "kind": "euclidean", "seed": 22, "theta": 0.11, "finite": true, "norm_max": 1.3339812755584717, "initial_error": 0.0, "seconds": 0.34009238332509995, "seconds_scope": "RFM includes both32/64-step samples; others one sampling run"}
{"stage": "sampling", "kind": "euclidean", "seed": 33, "theta": 0.11, "finite": true, "norm_max": 1.785945177078247, "initial_error": 0.0, "seconds": 0.3404816761612892, "seconds_scope": "RFM includes both32/64-step samples; others one sampling run"}
{"stage": "sampling", "kind": "autoregressive", "seed": 11, "theta": 0.11, "finite": true, "norm_max": 1.6689300537109375e-05, "initial_error": 0.0, "seconds": 0.6104276403784752, "seconds_scope": "RFM includes both32/64-step samples; others one sampling run"}
{"stage": "sampling", "kind": "autoregressive", "seed": 22, "theta": 0.11, "finite": true, "norm_max": 2.574920654296875e-05, "initial_error": 0.0, "seconds": 0.6042020693421364, "seconds_scope": "RFM includes both32/64-step samples; others one sampling run"}
{"stage": "sampling", "kind": "autoregressive", "seed": 33, "theta": 0.11, "finite": true, "norm_max": 1.0967254638671875e-05, "initial_error": 0.0, "seconds": 0.6032175868749619, "seconds_scope": "RFM includes both32/64-step samples; others one sampling run"}
{"stage": "sampling", "kind": "rfm", "seed": 11, "theta": 0.13, "finite": true, "norm_max": 1.1920928955078125e-07, "initial_error": 0.0, "seconds": 1.0464825220406055, "seconds_scope": "RFM includes both32/64-step samples; others one sampling run"}
{"stage": "sampling", "kind": "rfm", "seed": 22, "theta": 0.13, "finite": true, "norm_max": 1.1920928955078125e-07, "initial_error": 0.0, "seconds": 1.0014462247490883, "seconds_scope": "RFM includes both32/64-step samples; others one sampling run"}
{"stage": "sampling", "kind": "rfm", "seed": 33, "theta": 0.13, "finite": true, "norm_max": 1.1920928955078125e-07, "initial_error": 0.0, "seconds": 1.002818364650011, "seconds_scope": "RFM includes both32/64-step samples; others one sampling run"}
{"stage": "sampling", "kind": "deterministic", "seed": 11, "theta": 0.13, "finite": true, "norm_max": 5.960464477539063e-08, "initial_error": 0.0, "seconds": 0.047038484364748, "seconds_scope": "RFM includes both32/64-step samples; others one sampling run"}
{"stage": "sampling", "kind": "deterministic", "seed": 22, "theta": 0.13, "finite": true, "norm_max": 5.960464477539063e-08, "initial_error": 0.0, "seconds": 0.04736870154738426, "seconds_scope": "RFM includes both32/64-step samples; others one sampling run"}
{"stage": "sampling", "kind": "deterministic", "seed": 33, "theta": 0.13, "finite": true, "norm_max": 5.960464477539063e-08, "initial_error": 0.0, "seconds": 0.04752032458782196, "seconds_scope": "RFM includes both32/64-step samples; others one sampling run"}
{"stage": "sampling", "kind": "euclidean", "seed": 11, "theta": 0.13, "finite": true, "norm_max": 1.3664028644561768, "initial_error": 0.0, "seconds": 0.3399118222296238, "seconds_scope": "RFM includes both32/64-step samples; others one sampling run"}
{"stage": "sampling", "kind": "euclidean", "seed": 22, "theta": 0.13, "finite": true, "norm_max": 1.5331552028656006, "initial_error": 0.0, "seconds": 0.33950742706656456, "seconds_scope": "RFM includes both32/64-step samples; others one sampling run"}
{"stage": "sampling", "kind": "euclidean", "seed": 33, "theta": 0.13, "finite": true, "norm_max": 1.443666934967041, "initial_error": 0.0, "seconds": 0.34014198929071426, "seconds_scope": "RFM includes both32/64-step samples; others one sampling run"}
{"stage": "sampling", "kind": "autoregressive", "seed": 11, "theta": 0.13, "finite": true, "norm_max": 7.987022399902344e-06, "initial_error": 0.0, "seconds": 0.598289780318737, "seconds_scope": "RFM includes both32/64-step samples; others one sampling run"}
{"stage": "sampling", "kind": "autoregressive", "seed": 22, "theta": 0.13, "finite": true, "norm_max": 1.3709068298339844e-05, "initial_error": 0.0, "seconds": 0.5980215184390545, "seconds_scope": "RFM includes both32/64-step samples; others one sampling run"}
{"stage": "sampling", "kind": "autoregressive", "seed": 33, "theta": 0.13, "finite": true, "norm_max": 8.535385131835938e-05, "initial_error": 0.0, "seconds": 0.5986717641353607, "seconds_scope": "RFM includes both32/64-step samples; others one sampling run"}
