bash: warning: setlocale: LC_ALL: cannot change locale (C.UTF-8)
bash: warning: setlocale: LC_ALL: cannot change locale (C.UTF-8)
2.6.0+cu118 11.8 NVIDIA GeForce RTX 3090
bash: warning: setlocale: LC_ALL: cannot change locale (C.UTF-8)
.....................                                                    [100%]
21 passed in 2.55s
bash: warning: setlocale: LC_ALL: cannot change locale (C.UTF-8)
epoch=1 train=2.02315 validation=1.97324
epoch=2 train=1.6021 validation=1.36222
epoch=3 train=1.17128 validation=2.06145
epoch=4 train=1.26487 validation=0.879181
epoch=5 train=1.1916 validation=0.767684
epoch=6 train=0.983885 validation=0.788873
epoch=7 train=0.843405 validation=0.661099
epoch=8 train=0.899207 validation=0.83937
epoch=9 train=0.757751 validation=0.644254
epoch=10 train=0.919635 validation=1.1043
epoch=11 train=0.826053 validation=0.655687
epoch=12 train=0.851934 validation=1.50273
epoch=13 train=0.919383 validation=0.623012
epoch=14 train=0.769142 validation=1.56629
epoch=15 train=1.0645 validation=0.768635
epoch=16 train=0.79946 validation=0.838371
epoch=17 train=0.707696 validation=1.01848
epoch=18 train=0.784488 validation=0.77501
epoch=19 train=0.734161 validation=0.677844
epoch=20 train=0.733428 validation=0.605591
epoch=21 train=0.766509 validation=0.69193
epoch=22 train=0.715874 validation=0.608032
epoch=23 train=0.709325 validation=0.699087
epoch=24 train=0.67949 validation=0.653865
epoch=25 train=0.717489 validation=0.736061
epoch=26 train=0.812546 validation=1.13867
epoch=27 train=0.883442 validation=1.01182
epoch=28 train=0.79624 validation=0.591081
epoch=29 train=0.647204 validation=0.612889
epoch=30 train=0.739036 validation=1.21289
epoch=31 train=0.743918 validation=0.702065
epoch=32 train=0.745242 validation=0.726496
epoch=33 train=0.724696 validation=0.655631
epoch=34 train=0.680994 validation=1.43259
epoch=35 train=0.841075 validation=0.966902
epoch=36 train=0.709582 validation=0.7531
epoch=37 train=0.694612 validation=0.873197
epoch=38 train=0.674995 validation=0.616861
early_stop epoch=38
{
  "status": "trained_awaiting_distributional_evaluation",
  "model_type": "deterministic",
  "parameters": 274710,
  "train_trajectories": 216,
  "validation_trajectories": 27,
  "test_trajectories": 27,
  "best_epoch": 28,
  "best_validation_loss": 0.591081146840696,
  "test_loss": 0.6832303316504867,
  "history": [
    {
      "epoch": 1,
      "train_loss": 2.023149009104128,
      "validation_loss": 1.9732442608586065
    },
    {
      "epoch": 2,
      "train_loss": 1.6020963280289262,
      "validation_loss": 1.3622248084456832
    },
    {
      "epoch": 3,
      "train_loss": 1.1712761995968994,
      "validation_loss": 2.061452618351689
    },
    {
      "epoch": 4,
      "train_loss": 1.2648656953264166,
      "validation_loss": 0.8791810406578912
    },
    {
      "epoch": 5,
      "train_loss": 1.1915975875324674,
      "validation_loss": 0.7676835325029161
    },
    {
      "epoch": 6,
      "train_loss": 0.9838846237571152,
      "validation_loss": 0.7888734870486789
    },
    {
      "epoch": 7,
      "train_loss": 0.8434046269566925,
      "validation_loss": 0.6610990277043095
    },
    {
      "epoch": 8,
      "train_loss": 0.8992066107414387,
      "validation_loss": 0.8393701977199979
    },
    {
      "epoch": 9,
      "train_loss": 0.7577508687973022,
      "validation_loss": 0.6442542517626727
    },
    {
      "epoch": 10,
      "train_loss": 0.9196347870208599,
      "validation_loss": 1.1042968697018094
    },
    {
      "epoch": 11,
      "train_loss": 0.8260529549033554,
      "validation_loss": 0.6556872261895074
    },
    {
      "epoch": 12,
      "train_loss": 0.8519342674149407,
      "validation_loss": 1.5027253451170746
    },
    {
      "epoch": 13,
      "train_loss": 0.9193832200986368,
      "validation_loss": 0.62301238377889
    },
    {
      "epoch": 14,
      "train_loss": 0.7691421017602638,
      "validation_loss": 1.5662916324756764
    },
    {
      "epoch": 15,
      "train_loss": 1.0644992010460959,
      "validation_loss": 0.7686349815792508
    },
    {
      "epoch": 16,
      "train_loss": 0.7994598492428109,
      "validation_loss": 0.8383714843679357
    },
    {
      "epoch": 17,
      "train_loss": 0.7076955652899213,
      "validation_loss": 1.0184798152358443
    },
    {
      "epoch": 18,
      "train_loss": 0.7844876685628185,
      "validation_loss": 0.7750096586015489
    },
    {
      "epoch": 19,
      "train_loss": 0.7341608984602822,
      "validation_loss": 0.6778436501820883
    },
    {
      "epoch": 20,
      "train_loss": 0.7334284313299038,
      "validation_loss": 0.6055914340195833
    },
    {
      "epoch": 21,
      "train_loss": 0.766508979929818,
      "validation_loss": 0.6919298436906602
    },
    {
      "epoch": 22,
      "train_loss": 0.715873662520338,
      "validation_loss": 0.6080320499561451
    },
    {
      "epoch": 23,
      "train_loss": 0.7093246772333428,
      "validation_loss": 0.6990872489081489
    },
    {
      "epoch": 24,
      "train_loss": 0.6794903250756087,
      "validation_loss": 0.6538649929894341
    },
    {
      "epoch": 25,
      "train_loss": 0.7174890802966224,
      "validation_loss": 0.7360611844945837
    },
    {
      "epoch": 26,
      "train_loss": 0.8125460661119885,
      "validation_loss": 1.138669455492938
    },
    {
      "epoch": 27,
      "train_loss": 0.8834423908480892,
      "validation_loss": 1.0118193449797455
    },
    {
      "epoch": 28,
      "train_loss": 0.7962399318262383,
      "validation_loss": 0.591081146840696
    },
    {
      "epoch": 29,
      "train_loss": 0.6472039747017401,
      "validation_loss": 0.6128894576319942
    },
    {
      "epoch": 30,
      "train_loss": 0.7390356047285928,
      "validation_loss": 1.2128856535311099
    },
    {
      "epoch": 31,
      "train_loss": 0.743917778134346,
      "validation_loss": 0.7020648055606418
    },
    {
      "epoch": 32,
      "train_loss": 0.7452415056802608,
      "validation_loss": 0.7264963300139816
    },
    {
      "epoch": 33,
      "train_loss": 0.7246956979786908,
      "validation_loss": 0.6556311139354
    },
    {
      "epoch": 34,
      "train_loss": 0.6809940950738059,
      "validation_loss": 1.4325914647844102
    },
    {
      "epoch": 35,
      "train_loss": 0.8410751102147279,
      "validation_loss": 0.9669018409870289
    },
    {
      "epoch": 36,
      "train_loss": 0.7095816477581307,
      "validation_loss": 0.7530996446256284
    },
    {
      "epoch": 37,
      "train_loss": 0.6946116310578806,
      "validation_loss": 0.8731967784740307
    },
    {
      "epoch": 38,
      "train_loss": 0.674994675649537,
      "validation_loss": 0.616860548655192
    }
  ],
  "claim_boundary": "training/test loss alone does not establish path-distribution or large-size physical generalization"
}
bash: warning: setlocale: LC_ALL: cannot change locale (C.UTF-8)
epoch=1 train=3.94351 validation=0.824103
epoch=2 train=0.836669 validation=0.76824
epoch=3 train=0.720943 validation=0.671609
epoch=4 train=0.581217 validation=0.510563
epoch=5 train=0.497693 validation=0.486257
epoch=6 train=0.456622 validation=0.440289
epoch=7 train=0.418446 validation=0.429482
epoch=8 train=0.422592 validation=0.372125
epoch=9 train=0.409233 validation=0.382915
epoch=10 train=0.390465 validation=0.39162
epoch=11 train=0.373837 validation=0.34238
epoch=12 train=0.374082 validation=0.304676
epoch=13 train=0.369467 validation=0.328476
epoch=14 train=0.344336 validation=0.313865
epoch=15 train=0.330286 validation=0.280522
epoch=16 train=0.303865 validation=0.282937
epoch=17 train=0.320128 validation=0.286464
epoch=18 train=0.290351 validation=0.274173
epoch=19 train=0.317636 validation=0.2932
epoch=20 train=0.285279 validation=0.281041
epoch=21 train=0.299708 validation=0.266545
epoch=22 train=0.258321 validation=0.26394
epoch=23 train=0.302498 validation=0.266805
epoch=24 train=0.313945 validation=0.262637
epoch=25 train=0.296712 validation=0.277064
epoch=26 train=0.275371 validation=0.245618
epoch=27 train=0.311957 validation=0.259657
epoch=28 train=0.288226 validation=0.246707
epoch=29 train=0.264748 validation=0.238576
epoch=30 train=0.26314 validation=0.25731
epoch=31 train=0.290465 validation=0.245722
epoch=32 train=0.267519 validation=0.251685
epoch=33 train=0.297291 validation=0.248431
epoch=34 train=0.254277 validation=0.232521
epoch=35 train=0.270946 validation=0.223371
epoch=36 train=0.327348 validation=0.233081
epoch=37 train=0.271964 validation=0.220984
epoch=38 train=0.260579 validation=0.235542
epoch=39 train=0.287639 validation=0.235871
epoch=40 train=0.256044 validation=0.217145
epoch=41 train=0.23325 validation=0.218996
epoch=42 train=0.219961 validation=0.216949
epoch=43 train=0.241762 validation=0.326219
epoch=44 train=0.272981 validation=0.234907
epoch=45 train=0.253295 validation=0.238161
epoch=46 train=0.307839 validation=0.230289
epoch=47 train=0.224393 validation=0.2087
epoch=48 train=0.273548 validation=0.226157
epoch=49 train=0.268255 validation=0.206245
epoch=50 train=0.261617 validation=0.21269
{
  "status": "trained_awaiting_distributional_evaluation",
  "model_type": "flow",
  "parameters": 274710,
  "train_trajectories": 216,
  "validation_trajectories": 27,
  "test_trajectories": 27,
  "best_epoch": 49,
  "best_validation_loss": 0.20624482852441292,
  "test_loss": 0.2621270572697675,
  "history": [
    {
      "epoch": 1,
      "train_loss": 3.943510204553604,
      "validation_loss": 0.8241032406135842
    },
    {
      "epoch": 2,
      "train_loss": 0.8366692590492742,
      "validation_loss": 0.7682397718782779
    },
    {
      "epoch": 3,
      "train_loss": 0.7209429994777397,
      "validation_loss": 0.6716092427571615
    },
    {
      "epoch": 4,
      "train_loss": 0.581216659810808,
      "validation_loss": 0.5105629099739922
    },
    {
      "epoch": 5,
      "train_loss": 0.4976933885503698,
      "validation_loss": 0.4862567804477833
    },
    {
      "epoch": 6,
      "train_loss": 0.4566221910494345,
      "validation_loss": 0.4402894973754883
    },
    {
      "epoch": 7,
      "train_loss": 0.4184457281673396,
      "validation_loss": 0.42948170061464663
    },
    {
      "epoch": 8,
      "train_loss": 0.4225918791360325,
      "validation_loss": 0.37212468518151176
    },
    {
      "epoch": 9,
      "train_loss": 0.40923299336874924,
      "validation_loss": 0.38291490519488297
    },
    {
      "epoch": 10,
      "train_loss": 0.3904651778715628,
      "validation_loss": 0.3916201988855998
    },
    {
      "epoch": 11,
      "train_loss": 0.37383682639510546,
      "validation_loss": 0.3423801925447252
    },
    {
      "epoch": 12,
      "train_loss": 0.3740816135649328,
      "validation_loss": 0.30467636938448306
    },
    {
      "epoch": 13,
      "train_loss": 0.36946721457772785,
      "validation_loss": 0.3284761795291194
    },
    {
      "epoch": 14,
      "train_loss": 0.3443355317468996,
      "validation_loss": 0.3138646461345531
    },
    {
      "epoch": 15,
      "train_loss": 0.33028578399508085,
      "validation_loss": 0.28052224274034854
    },
    {
      "epoch": 16,
      "train_loss": 0.30386545729857906,
      "validation_loss": 0.2829372860767223
    },
    {
      "epoch": 17,
      "train_loss": 0.3201282074054082,
      "validation_loss": 0.2864636403542978
    },
    {
      "epoch": 18,
      "train_loss": 0.290350883923195,
      "validation_loss": 0.2741731581864534
    },
    {
      "epoch": 19,
      "train_loss": 0.3176364611696314,
      "validation_loss": 0.2932002301569338
    },
    {
      "epoch": 20,
      "train_loss": 0.2852792474958632,
      "validation_loss": 0.281041180645978
    },
    {
      "epoch": 21,
      "train_loss": 0.2997081930990572,
      "validation_loss": 0.26654522507279005
    },
    {
      "epoch": 22,
      "train_loss": 0.258320663538244,
      "validation_loss": 0.2639397007447702
    },
    {
      "epoch": 23,
      "train_loss": 0.30249814799538366,
      "validation_loss": 0.2668051476831789
    },
    {
      "epoch": 24,
      "train_loss": 0.3139451733893818,
      "validation_loss": 0.2626367277569241
    },
    {
      "epoch": 25,
      "train_loss": 0.2967118814035698,
      "validation_loss": 0.2770643808223583
    },
    {
      "epoch": 26,
      "train_loss": 0.275370838465514,
      "validation_loss": 0.24561843165644892
    },
    {
      "epoch": 27,
      "train_loss": 0.3119572111301952,
      "validation_loss": 0.25965745581520927
    },
    {
      "epoch": 28,
      "train_loss": 0.288225793728122,
      "validation_loss": 0.24670712815390694
    },
    {
      "epoch": 29,
      "train_loss": 0.26474844802308967,
      "validation_loss": 0.23857584043785376
    },
    {
      "epoch": 30,
      "train_loss": 0.263140003990244,
      "validation_loss": 0.25730953834674974
    },
    {
      "epoch": 31,
      "train_loss": 0.29046529641857854,
      "validation_loss": 0.245722234249115
    },
    {
      "epoch": 32,
      "train_loss": 0.2675192088440613,
      "validation_loss": 0.25168482462565106
    },
    {
      "epoch": 33,
      "train_loss": 0.29729120447127905,
      "validation_loss": 0.24843138456344604
    },
    {
      "epoch": 34,
      "train_loss": 0.2542770596014129,
      "validation_loss": 0.23252117413061638
    },
    {
      "epoch": 35,
      "train_loss": 0.2709455178291709,
      "validation_loss": 0.22337109512752956
    },
    {
      "epoch": 36,
      "train_loss": 0.3273483426482589,
      "validation_loss": 0.233081442338449
    },
    {
      "epoch": 37,
      "train_loss": 0.2719638623573162,
      "validation_loss": 0.22098375470549972
    },
    {
      "epoch": 38,
      "train_loss": 0.2605786360800266,
      "validation_loss": 0.23554193532025372
    },
    {
      "epoch": 39,
      "train_loss": 0.2876388607201753,
      "validation_loss": 0.2358711119051333
    },
    {
      "epoch": 40,
      "train_loss": 0.256043605092499,
      "validation_loss": 0.21714520895922626
    },
    {
      "epoch": 41,
      "train_loss": 0.23325011023768671,
      "validation_loss": 0.21899613627681025
    },
    {
      "epoch": 42,
      "train_loss": 0.2199608873989847,
      "validation_loss": 0.216948840353224
    },
    {
      "epoch": 43,
      "train_loss": 0.24176210330592263,
      "validation_loss": 0.32621855205959743
    },
    {
      "epoch": 44,
      "train_loss": 0.27298113938283036,
      "validation_loss": 0.2349066248646489
    },
    {
      "epoch": 45,
      "train_loss": 0.25329476608722296,
      "validation_loss": 0.23816121286816067
    },
    {
      "epoch": 46,
      "train_loss": 0.3078394885416384,
      "validation_loss": 0.23028906407179656
    },
    {
      "epoch": 47,
      "train_loss": 0.22439266796465274,
      "validation_loss": 0.2086996281588519
    },
    {
      "epoch": 48,
      "train_loss": 0.2735479014615218,
      "validation_loss": 0.22615728775660196
    },
    {
      "epoch": 49,
      "train_loss": 0.26825536677130946,
      "validation_loss": 0.20624482852441292
    },
    {
      "epoch": 50,
      "train_loss": 0.26161746791115514,
      "validation_loss": 0.21269000680358321
    }
  ],
  "claim_boundary": "training/test loss alone does not establish path-distribution or large-size physical generalization"
}
bash: warning: setlocale: LC_ALL: cannot change locale (C.UTF-8)
condition=0 path=1/20
condition=0 path=2/20
condition=0 path=3/20
condition=0 path=4/20
condition=0 path=5/20
condition=0 path=6/20
condition=0 path=7/20
condition=0 path=8/20
condition=0 path=9/20
condition=0 path=10/20
condition=0 path=11/20
condition=0 path=12/20
condition=0 path=13/20
condition=0 path=14/20
condition=0 path=15/20
condition=0 path=16/20
condition=0 path=17/20
condition=0 path=18/20
condition=0 path=19/20
condition=0 path=20/20
condition=1 path=1/20
condition=1 path=2/20
condition=1 path=3/20
condition=1 path=4/20
condition=1 path=5/20
condition=1 path=6/20
condition=1 path=7/20
condition=1 path=8/20
condition=1 path=9/20
condition=1 path=10/20
condition=1 path=11/20
condition=1 path=12/20
condition=1 path=13/20
condition=1 path=14/20
condition=1 path=15/20
condition=1 path=16/20
condition=1 path=17/20
condition=1 path=18/20
condition=1 path=19/20
condition=1 path=20/20
condition=2 path=1/20
condition=2 path=2/20
condition=2 path=3/20
condition=2 path=4/20
condition=2 path=5/20
condition=2 path=6/20
condition=2 path=7/20
condition=2 path=8/20
condition=2 path=9/20
condition=2 path=10/20
condition=2 path=11/20
condition=2 path=12/20
condition=2 path=13/20
condition=2 path=14/20
condition=2 path=15/20
condition=2 path=16/20
condition=2 path=17/20
condition=2 path=18/20
condition=2 path=19/20
condition=2 path=20/20
{
  "status": "held_out_l96_distributional_evaluation",
  "input": "/share/home/xlzou/WORKSPACE/rszhong/workspace/test_new_project/altermagnetism_LLG/data/standard_v2/test_large/d_wave_altermagnet_L96.h5",
  "lattice_size": [
    96,
    96
  ],
  "integration_steps": 32,
  "flow_best_epoch": 49,
  "baseline_best_epoch": 28,
  "conditions": [
    {
      "condition_id": 0,
      "drive_T": 0.7,
      "reference": {
        "paths": 20,
        "crossing_fraction": 0.0,
        "switching_fraction": 0.0,
        "nonuniform_fraction": 0.0,
        "endpoint_mean": 0.8587480306625366,
        "endpoint_std": 0.012013372880306806,
        "median_first_passage_ps": null,
        "mean_peak_spatial_std": 0.12185447290539742,
        "max_spin_norm_error": 1.1920928955078125e-07,
        "mean_neel_z_path": [
          0.9909680485725403,
          0.9906624555587769,
          0.9903281331062317,
          0.9899153709411621,
          0.9893872141838074,
          0.9887127876281738,
          0.9877212643623352,
          0.9863157272338867,
          0.9843358993530273,
          0.9817047119140625,
          0.9783240556716919,
          0.9741030931472778,
          0.9689753651618958,
          0.9628884196281433,
          0.9557968974113464,
          0.9476525187492371,
          0.938493549823761,
          0.9283857345581055,
          0.917340099811554,
          0.9054235219955444,
          0.8927546739578247,
          0.8795220255851746,
          0.8658016324043274,
          0.8516796827316284,
          0.8372187614440918,
          0.8225902318954468,
          0.8077305555343628,
          0.7927172183990479,
          0.777786374092102,
          0.763033926486969,
          0.748537540435791,
          0.7342703342437744,
          0.7202739715576172,
          0.7065776586532593,
          0.693228542804718,
          0.6803121566772461,
          0.667804479598999,
          0.6557028293609619,
          0.644029438495636,
          0.6327158212661743,
          0.621873140335083,
          0.6114549040794373,
          0.6014428734779358,
          0.5917972922325134,
          0.5825047492980957,
          0.5735337734222412,
          0.5648184418678284,
          0.5563363432884216,
          0.5481351613998413,
          0.540124773979187,
          0.5322170257568359,
          0.5259582996368408,
          0.5225685834884644,
          0.5219224691390991,
          0.5239310264587402,
          0.52860426902771,
          0.5358098149299622,
          0.5453615784645081,
          0.5572298169136047,
          0.5712934732437134,
          0.5875245928764343,
          0.6057168245315552,
          0.6257521510124207,
          0.6474148035049438,
          0.6704661250114441,
          0.6946549415588379,
          0.7196785807609558,
          0.7452074289321899,
          0.7709706425666809,
          0.7966484427452087,
          0.8219477534294128,
          0.8465049862861633,
          0.8699067234992981,
          0.8917297124862671,
          0.9115649461746216,
          0.9291363954544067,
          0.944238007068634,
          0.9565903544425964,
          0.9660769701004028,
          0.9727074503898621,
          0.97642582654953,
          0.9773390889167786,
          0.9757093191146851,
          0.9717544317245483,
          0.9658066034317017,
          0.9581195712089539,
          0.9491116404533386,
          0.9391801953315735,
          0.9286465644836426,
          0.9179690480232239,
          0.9075366854667664,
          0.8975688219070435,
          0.8883272409439087,
          0.8800214529037476,
          0.8728092312812805,
          0.8668397665023804,
          0.8622995615005493,
          0.8592031598091125,
          0.8575762510299683,
          0.857428252696991,
          0.8587481379508972
        ],
        "endpoints": [
          0.855651319026947,
          0.8501640558242798,
          0.8356400728225708,
          0.8501999378204346,
          0.8520200848579407,
          0.8583362102508545,
          0.8793103694915771,
          0.8557204604148865,
          0.8498839139938354,
          0.8537858724594116,
          0.8590400218963623,
          0.8638296723365784,
          0.8925255537033081,
          0.8650404810905457,
          0.8737532496452332,
          0.8560035228729248,
          0.861115038394928,
          0.8622966408729553,
          0.8531674146652222,
          0.8474767208099365
        ]
      },
      "flow": {
        "paths": 20,
        "crossing_fraction": 1.0,
        "switching_fraction": 0.85,
        "nonuniform_fraction": 0.85,
        "endpoint_mean": -0.06866413075476885,
        "endpoint_std": 0.07126102091872824,
        "median_first_passage_ps": 0.8199999928474426,
        "mean_peak_spatial_std": 0.493987675011158,
        "max_spin_norm_error": 1.1920928955078125e-07,
        "mean_neel_z_path": [
          0.9909680485725403,
          0.9842016100883484,
          0.9816872477531433,
          0.980815589427948,
          0.9742143750190735,
          0.966818630695343,
          0.9593182802200317,
          0.9503176808357239,
          0.9412749409675598,
          0.933753490447998,
          0.9271798133850098,
          0.9213060140609741,
          0.915408730506897,
          0.9099895358085632,
          0.9043329954147339,
          0.8987919092178345,
          0.8931471705436707,
          0.8866460919380188,
          0.8806687593460083,
          0.8739384412765503,
          0.8669905662536621,
          0.8595937490463257,
          0.8518463373184204,
          0.8435344696044922,
          0.8345596194267273,
          0.8254664540290833,
          0.8155632019042969,
          0.8055852055549622,
          0.7944343090057373,
          0.7825408577919006,
          0.7706390619277954,
          0.7589675188064575,
          0.7467390298843384,
          0.7338695526123047,
          0.7207942605018616,
          0.70757657289505,
          0.6944709420204163,
          0.6806356310844421,
          0.6659730672836304,
          0.6505404710769653,
          0.6344202756881714,
          0.6163413524627686,
          0.5972258448600769,
          0.5773517489433289,
          0.5557826161384583,
          0.5331366658210754,
          0.5136260390281677,
          0.4880916476249695,
          0.4780181348323822,
          0.46073538064956665,
          0.44323715567588806,
          0.43077558279037476,
          0.41326990723609924,
          0.40660056471824646,
          0.39737942814826965,
          0.3864590525627136,
          0.37432029843330383,
          0.36064016819000244,
          0.3481835722923279,
          0.3349558711051941,
          0.3215537667274475,
          0.30838364362716675,
          0.29598069190979004,
          0.28211215138435364,
          0.27039748430252075,
          0.25741103291511536,
          0.2439565658569336,
          0.23038312792778015,
          0.21765275299549103,
          0.20461997389793396,
          0.19123460352420807,
          0.17711420357227325,
          0.16148768365383148,
          0.14563724398612976,
          0.13114890456199646,
          0.115681491792202,
          0.09947307407855988,
          0.08202967792749405,
          0.0642266720533371,
          0.044816553592681885,
          0.025490516796708107,
          0.005283520556986332,
          -0.016144676133990288,
          -0.03757684677839279,
          -0.05943473428487778,
          -0.08033494651317596,
          -0.10156341642141342,
          -0.122258760035038,
          -0.14198964834213257,
          -0.15908114612102509,
          -0.17503657937049866,
          -0.18950171768665314,
          -0.19837620854377747,
          -0.2018730193376541,
          -0.200055330991745,
          -0.19151419401168823,
          -0.17455604672431946,
          -0.15559010207653046,
          -0.1367112696170807,
          -0.10273577272891998,
          -0.06866411864757538
        ],
        "endpoints": [
          -0.021978629752993584,
          -0.18972188234329224,
          0.023758091032505035,
          -0.0661969929933548,
          -0.02571597509086132,
          -0.10330680757761002,
          -0.12647001445293427,
          -0.11664795875549316,
          -0.12323745340108871,
          -0.10489923506975174,
          -0.034898754209280014,
          -0.18061546981334686,
          -0.06478100270032883,
          -0.017535783350467682,
          -0.11454635113477707,
          0.08483199030160904,
          -0.06874370574951172,
          -0.04299108311533928,
          0.05743242800235748,
          -0.13701802492141724
        ]
      },
      "deterministic": {
        "paths": 20,
        "crossing_fraction": 0.6,
        "switching_fraction": 0.6,
        "nonuniform_fraction": 0.0,
        "endpoint_mean": -0.00617140248650685,
        "endpoint_std": 0.01044061857377445,
        "median_first_passage_ps": 0.9899999499320984,
        "mean_peak_spatial_std": 0.16272342652082444,
        "max_spin_norm_error": 1.1920928955078125e-07,
        "mean_neel_z_path": [
          0.9909680485725403,
          0.9717502593994141,
          0.9707328677177429,
          0.969310462474823,
          0.9676005244255066,
          0.965655505657196,
          0.963493824005127,
          0.9611173868179321,
          0.9585285186767578,
          0.9557294845581055,
          0.952720046043396,
          0.9495004415512085,
          0.9460684657096863,
          0.9424252510070801,
          0.9385741353034973,
          0.9345153570175171,
          0.9302522540092468,
          0.9257844686508179,
          0.9211207628250122,
          0.916259765625,
          0.9111936688423157,
          0.9059224128723145,
          0.90044766664505,
          0.8947715759277344,
          0.8888993263244629,
          0.8828306198120117,
          0.8765740394592285,
          0.8701211810112,
          0.863479495048523,
          0.8566465377807617,
          0.8496265411376953,
          0.842415988445282,
          0.835023045539856,
          0.8274450302124023,
          0.8196901082992554,
          0.8117607831954956,
          0.8036691546440125,
          0.7954145669937134,
          0.7870044708251953,
          0.7784187197685242,
          0.7696435451507568,
          0.7606785297393799,
          0.7515417337417603,
          0.7422501444816589,
          0.732816755771637,
          0.7231531143188477,
          0.7046631574630737,
          0.6716943979263306,
          0.6336578130722046,
          0.567007839679718,
          0.551449716091156,
          0.5735002160072327,
          0.5974963307380676,
          0.6007919311523438,
          0.5941503643989563,
          0.5832647681236267,
          0.5718148946762085,
          0.5601584315299988,
          0.5483527779579163,
          0.536460280418396,
          0.5244290232658386,
          0.5123143196105957,
          0.5000544190406799,
          0.48772281408309937,
          0.4752562940120697,
          0.4627191126346588,
          0.45005369186401367,
          0.43732714653015137,
          0.4244771897792816,
          0.4115678369998932,
          0.39854225516319275,
          0.3854694068431854,
          0.37227940559387207,
          0.3590659499168396,
          0.3457713723182678,
          0.33245980739593506,
          0.3190895915031433,
          0.3056209683418274,
          0.29207319021224976,
          0.27841660380363464,
          0.26472923159599304,
          0.25095441937446594,
          0.23715825378894806,
          0.2232847660779953,
          0.2094041407108307,
          0.1954454481601715,
          0.1814917027950287,
          0.1674598902463913,
          0.15344122052192688,
          0.1393595039844513,
          0.12529271841049194,
          0.11116311699151993,
          0.09705005586147308,
          0.0828862264752388,
          0.06874988973140717,
          0.05456125736236572,
          0.04040362313389778,
          0.026340464130043983,
          0.012990094721317291,
          0.0015251482836902142,
          -0.006171402521431446
        ],
        "endpoints": [
          -0.008349297568202019,
          -0.009962353855371475,
          0.0031054620631039143,
          -0.014493742026388645,
          0.004189486615359783,
          -0.014079824090003967,
          0.0008529219776391983,
          -0.023226968944072723,
          -0.00540284626185894,
          -0.012093152850866318,
          0.003505294444039464,
          0.003666229546070099,
          0.012565062381327152,
          -0.010337784886360168,
          -0.0212414488196373,
          -0.024270350113511086,
          -0.00843893177807331,
          0.005656480323523283,
          0.006816170644015074,
          -0.011888456530869007
        ]
      },
      "flow_errors": {
        "switching_fraction_absolute_error": 0.85,
        "nonuniform_fraction_absolute_error": 0.85,
        "endpoint_wasserstein_equal_count": 0.9274121614173054,
        "mean_neel_z_path_rmse": 0.55307981082979
      },
      "deterministic_errors": {
        "switching_fraction_absolute_error": 0.6,
        "nonuniform_fraction_absolute_error": 0.0,
        "endpoint_wasserstein_equal_count": 0.8649194331490435,
        "mean_neel_z_path_rmse": 0.41490437577973077
      }
    },
    {
      "condition_id": 1,
      "drive_T": 0.78,
      "reference": {
        "paths": 20,
        "crossing_fraction": 0.4,
        "switching_fraction": 0.4,
        "nonuniform_fraction": 0.35,
        "endpoint_mean": 0.0662477339617908,
        "endpoint_std": 0.5569190592102159,
        "median_first_passage_ps": 0.6350000202655792,
        "mean_peak_spatial_std": 0.5092482335865498,
        "max_spin_norm_error": 1.1920928955078125e-07,
        "mean_neel_z_path": [
          0.9909306764602661,
          0.9906133413314819,
          0.9902980923652649,
          0.9898781776428223,
          0.9892972111701965,
          0.9884618520736694,
          0.9871743321418762,
          0.9853519201278687,
          0.9828683733940125,
          0.9795414209365845,
          0.9752776026725769,
          0.9699922800064087,
          0.9635589718818665,
          0.9558914303779602,
          0.9469431042671204,
          0.9367341995239258,
          0.9252875447273254,
          0.9126498103141785,
          0.8988226056098938,
          0.883924126625061,
          0.8680523037910461,
          0.8514043688774109,
          0.8341459035873413,
          0.8162918090820312,
          0.7979351282119751,
          0.7790974378585815,
          0.7599154710769653,
          0.7405893206596375,
          0.7211952805519104,
          0.7016807794570923,
          0.6821678876876831,
          0.662751317024231,
          0.6433609127998352,
          0.6240302324295044,
          0.6047176122665405,
          0.5854906439781189,
          0.5664055943489075,
          0.5474094152450562,
          0.5283476114273071,
          0.509222149848938,
          0.49003714323043823,
          0.4707159996032715,
          0.4511358141899109,
          0.4311380982398987,
          0.41076284646987915,
          0.3899175524711609,
          0.3684249222278595,
          0.3462846279144287,
          0.3233427405357361,
          0.2994907796382904,
          0.27468806505203247,
          0.25055667757987976,
          0.22850386798381805,
          0.2082671821117401,
          0.18990091979503632,
          0.17330630123615265,
          0.15828561782836914,
          0.1447664350271225,
          0.1325845718383789,
          0.12160052359104156,
          0.1117994412779808,
          0.10295649617910385,
          0.09509335458278656,
          0.08811565488576889,
          0.08199498057365417,
          0.07671724259853363,
          0.07201327383518219,
          0.06785058230161667,
          0.06421785801649094,
          0.06105545163154602,
          0.05847366526722908,
          0.05632966011762619,
          0.05455700308084488,
          0.05313820764422417,
          0.051992278546094894,
          0.05112769082188606,
          0.05067134648561478,
          0.050499819219112396,
          0.0506778284907341,
          0.05109088495373726,
          0.05167394131422043,
          0.05233638361096382,
          0.05310416221618652,
          0.05401020497083664,
          0.05516044422984123,
          0.056295983493328094,
          0.05746620148420334,
          0.0586121492087841,
          0.05970125272870064,
          0.060753099620342255,
          0.06185944750905037,
          0.06279684603214264,
          0.06356991827487946,
          0.06420306116342545,
          0.064722940325737,
          0.06503746658563614,
          0.06529674679040909,
          0.0655006691813469,
          0.06572945415973663,
          0.06596066057682037,
          0.06624772399663925
        ],
        "endpoints": [
          -0.4516410231590271,
          0.021186312660574913,
          -0.9379463195800781,
          -0.24012382328510284,
          -0.39612245559692383,
          0.3589511513710022,
          -0.5970653891563416,
          0.5571303367614746,
          0.22878438234329224,
          0.6463723182678223,
          0.5083808302879333,
          0.2496982365846634,
          0.9184188842773438,
          -0.932546079158783,
          -0.5736656785011292,
          -0.13911810517311096,
          0.9469677805900574,
          0.37000077962875366,
          0.4077158570289612,
          0.3795766830444336
        ]
      },
      "flow": {
        "paths": 20,
        "crossing_fraction": 1.0,
        "switching_fraction": 0.85,
        "nonuniform_fraction": 0.85,
        "endpoint_mean": -0.03841734016314149,
        "endpoint_std": 0.04825030052237402,
        "median_first_passage_ps": 0.8199999928474426,
        "mean_peak_spatial_std": 0.48505922108888627,
        "max_spin_norm_error": 1.1920928955078125e-07,
        "mean_neel_z_path": [
          0.9909306764602661,
          0.9842920303344727,
          0.981951117515564,
          0.9813435673713684,
          0.9754336476325989,
          0.9684060215950012,
          0.9613822102546692,
          0.9528296589851379,
          0.9445760846138,
          0.9377711415290833,
          0.9320348501205444,
          0.9269034266471863,
          0.9217427968978882,
          0.9164617657661438,
          0.910541832447052,
          0.9050272107124329,
          0.8993757367134094,
          0.8930590748786926,
          0.8863872289657593,
          0.8793511390686035,
          0.8722977638244629,
          0.865334689617157,
          0.8575214147567749,
          0.8491750955581665,
          0.840720534324646,
          0.8316985964775085,
          0.8222451210021973,
          0.8118879199028015,
          0.8008130788803101,
          0.7890704870223999,
          0.7769320011138916,
          0.7638120055198669,
          0.7492929100990295,
          0.7352569699287415,
          0.7208282947540283,
          0.7054246068000793,
          0.6893080472946167,
          0.6731187701225281,
          0.6564188599586487,
          0.6382592916488647,
          0.6202455759048462,
          0.600414514541626,
          0.5803452730178833,
          0.5596742630004883,
          0.5391049981117249,
          0.5183913707733154,
          0.5001869797706604,
          0.47520938515663147,
          0.46572867035865784,
          0.45023736357688904,
          0.43400683999061584,
          0.4230412542819977,
          0.4074285924434662,
          0.4023746848106384,
          0.39514443278312683,
          0.38516390323638916,
          0.37340977787971497,
          0.3614720404148102,
          0.34815290570259094,
          0.33514875173568726,
          0.3219648003578186,
          0.3080572485923767,
          0.2929627299308777,
          0.2785432040691376,
          0.26436424255371094,
          0.24974572658538818,
          0.23568467795848846,
          0.2222145050764084,
          0.20806193351745605,
          0.19433480501174927,
          0.18041260540485382,
          0.16591604053974152,
          0.15186767280101776,
          0.1370602548122406,
          0.12070311605930328,
          0.10604000091552734,
          0.09063045680522919,
          0.07327596843242645,
          0.057561010122299194,
          0.04070403799414635,
          0.024555277079343796,
          0.008333560079336166,
          -0.008602919057011604,
          -0.026426643133163452,
          -0.04464459419250488,
          -0.06362171471118927,
          -0.08402951061725616,
          -0.10393307358026505,
          -0.12418542802333832,
          -0.14289121329784393,
          -0.1591395139694214,
          -0.1738382875919342,
          -0.18274269998073578,
          -0.18660584092140198,
          -0.18530376255512238,
          -0.17297789454460144,
          -0.1539490520954132,
          -0.13293316960334778,
          -0.11048873513936996,
          -0.07639780640602112,
          -0.03841733932495117
        ],
        "endpoints": [
          -0.07168541848659515,
          -0.13032682240009308,
          -0.031212160363793373,
          0.07213786244392395,
          0.055127017199993134,
          0.043887898325920105,
          -0.05251266062259674,
          -0.004128872416913509,
          -0.08704725652933121,
          -0.07184472680091858,
          -0.0464203804731369,
          -0.05267776548862457,
          -0.052828505635261536,
          -0.06040388345718384,
          -0.07226738333702087,
          -0.010258295573294163,
          -0.05206079035997391,
          -0.038638725876808167,
          -0.07340960204601288,
          -0.03177633136510849
        ]
      },
      "deterministic": {
        "paths": 20,
        "crossing_fraction": 0.8,
        "switching_fraction": 0.8,
        "nonuniform_fraction": 0.0,
        "endpoint_mean": -0.006719158773194067,
        "endpoint_std": 0.012787247275030271,
        "median_first_passage_ps": 0.9899999499320984,
        "mean_peak_spatial_std": 0.16082703545689583,
        "max_spin_norm_error": 1.1920928955078125e-07,
        "mean_neel_z_path": [
          0.9909306764602661,
          0.9722331166267395,
          0.9712088704109192,
          0.9697780609130859,
          0.9680606722831726,
          0.966106116771698,
          0.963934600353241,
          0.9615497589111328,
          0.9589521288871765,
          0.9561432600021362,
          0.9531252980232239,
          0.9498940706253052,
          0.9464541673660278,
          0.9428017735481262,
          0.9389400482177734,
          0.9348716735839844,
          0.9305976033210754,
          0.9261224865913391,
          0.9214482307434082,
          0.9165769815444946,
          0.9115020632743835,
          0.9062197804450989,
          0.9007337689399719,
          0.8950486183166504,
          0.8891655206680298,
          0.8830882906913757,
          0.876818060874939,
          0.8703554272651672,
          0.8637030720710754,
          0.8568598628044128,
          0.8498272895812988,
          0.8426081538200378,
          0.8352046012878418,
          0.8276168704032898,
          0.8198496699333191,
          0.8119104504585266,
          0.8038074374198914,
          0.7955423593521118,
          0.787124752998352,
          0.778523325920105,
          0.769739031791687,
          0.7607601881027222,
          0.7516117691993713,
          0.7423114776611328,
          0.732867956161499,
          0.7231932878494263,
          0.7046852707862854,
          0.6716782450675964,
          0.6335910558700562,
          0.566874623298645,
          0.5513056516647339,
          0.5733762979507446,
          0.5974094867706299,
          0.6007040143013,
          0.5940545797348022,
          0.5831567049026489,
          0.5716934204101562,
          0.5600296258926392,
          0.5482131242752075,
          0.5363112688064575,
          0.5242651700973511,
          0.512137770652771,
          0.49987420439720154,
          0.4875296950340271,
          0.4750533998012543,
          0.462505042552948,
          0.4498306214809418,
          0.4370943605899811,
          0.4242304265499115,
          0.41131383180618286,
          0.3982771337032318,
          0.38518744707107544,
          0.37199610471725464,
          0.35876980423927307,
          0.34546151757240295,
          0.33213934302330017,
          0.31875699758529663,
          0.3052821755409241,
          0.2917190492153168,
          0.2780529260635376,
          0.26435452699661255,
          0.25056931376457214,
          0.23676688969135284,
          0.2228851318359375,
          0.2089923620223999,
          0.1950232982635498,
          0.18106049299240112,
          0.16702400147914886,
          0.15299245715141296,
          0.13890422880649567,
          0.1248200535774231,
          0.1106824278831482,
          0.09656456112861633,
          0.08239209651947021,
          0.06824671477079391,
          0.05404766649007797,
          0.03988312929868698,
          0.025813985615968704,
          0.012450299225747585,
          0.0009815653320401907,
          -0.0067191594280302525
        ],
        "endpoints": [
          -0.006148854736238718,
          -0.019368475303053856,
          -0.012299819849431515,
          -0.017678778618574142,
          -0.008575081825256348,
          0.012705547735095024,
          -0.010083048604428768,
          -0.01280223112553358,
          -0.01238405704498291,
          -0.028801806271076202,
          -0.0023512570187449455,
          -0.000675059447530657,
          -0.015571964904665947,
          -0.011081989854574203,
          -0.0029495256021618843,
          0.018185889348387718,
          -0.027632011100649834,
          0.0077666472643613815,
          -0.0012753707123920321,
          0.016638072207570076
        ]
      },
      "flow_errors": {
        "switching_fraction_absolute_error": 0.44999999999999996,
        "nonuniform_fraction_absolute_error": 0.5,
        "endpoint_wasserstein_equal_count": 0.46950660161674024,
        "mean_neel_z_path_rmse": 0.1326807897329665
      },
      "deterministic_errors": {
        "switching_fraction_absolute_error": 0.4,
        "nonuniform_fraction_absolute_error": 0.35,
        "endpoint_wasserstein_equal_count": 0.4851358656742377,
        "mean_neel_z_path_rmse": 0.2361159366254978
      }
    },
    {
      "condition_id": 2,
      "drive_T": 0.8,
      "reference": {
        "paths": 20,
        "crossing_fraction": 0.95,
        "switching_fraction": 0.95,
        "nonuniform_fraction": 0.55,
        "endpoint_mean": -0.7610005021095276,
        "endpoint_std": 0.3189005273979189,
        "median_first_passage_ps": 0.5699999928474426,
        "mean_peak_spatial_std": 0.31380787789821624,
        "max_spin_norm_error": 1.1920928955078125e-07,
        "mean_neel_z_path": [
          0.9909250140190125,
          0.9905892610549927,
          0.9902437925338745,
          0.989809513092041,
          0.9892245531082153,
          0.9883323907852173,
          0.9869949221611023,
          0.9851314425468445,
          0.9825631380081177,
          0.9791315197944641,
          0.9746626019477844,
          0.9690364599227905,
          0.9622038006782532,
          0.95402991771698,
          0.9444950222969055,
          0.9336248636245728,
          0.9214181900024414,
          0.90788733959198,
          0.8931547403335571,
          0.8772886991500854,
          0.8604564666748047,
          0.84271240234375,
          0.8241413831710815,
          0.804886519908905,
          0.7851318120956421,
          0.7649778723716736,
          0.7444776296615601,
          0.7236703038215637,
          0.7025657892227173,
          0.6812480092048645,
          0.6598512530326843,
          0.638431191444397,
          0.6168769598007202,
          0.5952921509742737,
          0.5737351775169373,
          0.5520389676094055,
          0.5302579998970032,
          0.508256733417511,
          0.48599299788475037,
          0.46347886323928833,
          0.4406791627407074,
          0.4173985421657562,
          0.3937584459781647,
          0.3694831132888794,
          0.34443989396095276,
          0.3186608552932739,
          0.2918887734413147,
          0.2641386389732361,
          0.23525920510292053,
          0.20498208701610565,
          0.17321373522281647,
          0.14172020554542542,
          0.11197729408740997,
          0.0836988016963005,
          0.056588225066661835,
          0.030471384525299072,
          0.005195555277168751,
          -0.019361456856131554,
          -0.043303970247507095,
          -0.06679235398769379,
          -0.08990061283111572,
          -0.11282192170619965,
          -0.13570651412010193,
          -0.15860383212566376,
          -0.18164804577827454,
          -0.20487329363822937,
          -0.22841350734233856,
          -0.25222688913345337,
          -0.2764549255371094,
          -0.30098333954811096,
          -0.32589805126190186,
          -0.3510609269142151,
          -0.376376211643219,
          -0.40188464522361755,
          -0.42755627632141113,
          -0.45311206579208374,
          -0.47858095169067383,
          -0.5038100481033325,
          -0.5286247730255127,
          -0.552859902381897,
          -0.5764012336730957,
          -0.5990060567855835,
          -0.6205747127532959,
          -0.6409465670585632,
          -0.6599893569946289,
          -0.6775271892547607,
          -0.6934159994125366,
          -0.7076891660690308,
          -0.7202981114387512,
          -0.7313274145126343,
          -0.7406750917434692,
          -0.7483416795730591,
          -0.7544337511062622,
          -0.7591202855110168,
          -0.7623924016952515,
          -0.7644790410995483,
          -0.7654050588607788,
          -0.7653776407241821,
          -0.7645077705383301,
          -0.7630084753036499,
          -0.7610005140304565
        ],
        "endpoints": [
          -0.8713350892066956,
          -0.9400456547737122,
          -0.9561989903450012,
          -0.22536584734916687,
          -0.8849037885665894,
          -0.7370746731758118,
          -0.7036434412002563,
          -0.9634000062942505,
          -0.814993679523468,
          -0.9469068050384521,
          -0.610831618309021,
          0.4338304102420807,
          -0.8380963802337646,
          -0.8693853616714478,
          -0.9201063513755798,
          -0.9364096522331238,
          -0.8725246787071228,
          -0.8097171783447266,
          -0.9051099419593811,
          -0.847791314125061
        ]
      },
      "flow": {
        "paths": 20,
        "crossing_fraction": 1.0,
        "switching_fraction": 0.8,
        "nonuniform_fraction": 0.8,
        "endpoint_mean": -0.05802915040403604,
        "endpoint_std": 0.07117527190865444,
        "median_first_passage_ps": 0.8199999928474426,
        "mean_peak_spatial_std": 0.48233603239059447,
        "max_spin_norm_error": 1.1920928955078125e-07,
        "mean_neel_z_path": [
          0.9909250140190125,
          0.9837234616279602,
          0.9811617136001587,
          0.9803043603897095,
          0.9739544987678528,
          0.9666816592216492,
          0.9596058130264282,
          0.9511507749557495,
          0.9427852630615234,
          0.9358911514282227,
          0.9304853677749634,
          0.9249247312545776,
          0.9189969301223755,
          0.9133860468864441,
          0.9078820943832397,
          0.9022712707519531,
          0.8958285450935364,
          0.8893381953239441,
          0.8822060823440552,
          0.874925971031189,
          0.8673080205917358,
          0.8595069050788879,
          0.8510128855705261,
          0.842793345451355,
          0.8336189985275269,
          0.8239676356315613,
          0.8139539957046509,
          0.8032728433609009,
          0.7930136919021606,
          0.7819299697875977,
          0.7703770399093628,
          0.7593399882316589,
          0.7473996877670288,
          0.7352904081344604,
          0.7227123975753784,
          0.7091242074966431,
          0.6949742436408997,
          0.6806169748306274,
          0.6646990180015564,
          0.6485987901687622,
          0.6318238377571106,
          0.612459659576416,
          0.5932517051696777,
          0.5733592510223389,
          0.5515127778053284,
          0.5300509929656982,
          0.5107985734939575,
          0.4853876233100891,
          0.47503653168678284,
          0.45808273553848267,
          0.4409666955471039,
          0.43009623885154724,
          0.41253718733787537,
          0.4065879285335541,
          0.3981078863143921,
          0.38804948329925537,
          0.3762914538383484,
          0.3638617992401123,
          0.3509542942047119,
          0.3373467028141022,
          0.3235582709312439,
          0.3115174174308777,
          0.2986283302307129,
          0.28669673204421997,
          0.27430233359336853,
          0.26157432794570923,
          0.24832823872566223,
          0.23469233512878418,
          0.2198331356048584,
          0.20546916127204895,
          0.19200675189495087,
          0.17595866322517395,
          0.1606701910495758,
          0.14460420608520508,
          0.12689301371574402,
          0.10845230519771576,
          0.09304845333099365,
          0.07465177029371262,
          0.057827115058898926,
          0.0406830832362175,
          0.023277729749679565,
          0.007437794469296932,
          -0.010896304622292519,
          -0.029599735513329506,
          -0.04887242615222931,
          -0.06893815845251083,
          -0.09029579162597656,
          -0.10937990993261337,
          -0.12856018543243408,
          -0.14725247025489807,
          -0.1632656306028366,
          -0.17844602465629578,
          -0.18879452347755432,
          -0.1949928104877472,
          -0.19333462417125702,
          -0.18495352566242218,
          -0.16674964129924774,
          -0.14725692570209503,
          -0.12728539109230042,
          -0.09353908151388168,
          -0.05802915617823601
        ],
        "endpoints": [
          -0.030593089759349823,
          -0.08130919933319092,
          0.034576594829559326,
          -0.18098431825637817,
          0.050046905875205994,
          -0.03821926936507225,
          -0.01774834841489792,
          -0.1607637256383896,
          -0.15649458765983582,
          -0.10829342156648636,
          0.06123354658484459,
          -0.10978934168815613,
          -0.10715878754854202,
          -0.07827615737915039,
          -0.033037230372428894,
          -0.07428578287363052,
          -0.04212590306997299,
          -0.0439077727496624,
          0.06814786046743393,
          -0.11160098016262054
        ]
      },
      "deterministic": {
        "paths": 20,
        "crossing_fraction": 0.9,
        "switching_fraction": 0.9,
        "nonuniform_fraction": 0.0,
        "endpoint_mean": -0.011502529236895497,
        "endpoint_std": 0.006732376075574487,
        "median_first_passage_ps": 0.9899999499320984,
        "mean_peak_spatial_std": 0.15800674706697465,
        "max_spin_norm_error": 1.1920928955078125e-07,
        "mean_neel_z_path": [
          0.9909250140190125,
          0.9726623296737671,
          0.9715865850448608,
          0.9700902700424194,
          0.9683039784431458,
          0.9662798643112183,
          0.9640387296676636,
          0.9615840911865234,
          0.9589157104492188,
          0.9560378789901733,
          0.9529494047164917,
          0.949650764465332,
          0.9461392164230347,
          0.9424154162406921,
          0.9384844899177551,
          0.9343457221984863,
          0.93000328540802,
          0.9254579544067383,
          0.9207130670547485,
          0.9157724380493164,
          0.9106281399726868,
          0.9052801132202148,
          0.8997260928153992,
          0.8939693570137024,
          0.8880177736282349,
          0.8818694353103638,
          0.8755329251289368,
          0.8690041303634644,
          0.862282395362854,
          0.8553735613822937,
          0.8482732772827148,
          0.8409878611564636,
          0.8335167765617371,
          0.8258630633354187,
          0.8180311918258667,
          0.8100247383117676,
          0.8018558621406555,
          0.7935283184051514,
          0.7850440740585327,
          0.7763843536376953,
          0.7675338983535767,
          0.7584953904151917,
          0.7492852210998535,
          0.7399169206619263,
          0.7304145097732544,
          0.7206754088401794,
          0.7020553350448608,
          0.6688562035560608,
          0.6305795311927795,
          0.5635319948196411,
          0.5478951930999756,
          0.570067822933197,
          0.5941941142082214,
          0.5975092649459839,
          0.5908264517784119,
          0.5798772573471069,
          0.5683692097663879,
          0.5566464066505432,
          0.5447834134101868,
          0.5328315496444702,
          0.5207384824752808,
          0.508560061454773,
          0.49624618887901306,
          0.4838589131832123,
          0.47133535146713257,
          0.4587419033050537,
          0.446023553609848,
          0.4332377016544342,
          0.4203360974788666,
          0.4073742926120758,
          0.3942977488040924,
          0.3811711370944977,
          0.3679350018501282,
          0.35467004776000977,
          0.3413224220275879,
          0.3279649615287781,
          0.3145435154438019,
          0.3010333180427551,
          0.2874426543712616,
          0.2737431228160858,
          0.2600083649158478,
          0.24619264900684357,
          0.23236067593097687,
          0.21844854950904846,
          0.2045295238494873,
          0.1905340850353241,
          0.17654024064540863,
          0.1624750792980194,
          0.14842048287391663,
          0.13430479168891907,
          0.12020142376422882,
          0.10604476928710938,
          0.0919027328491211,
          0.07771638035774231,
          0.0635438784956932,
          0.04932963475584984,
          0.035142622888088226,
          0.021060148254036903,
          0.007687050849199295,
          -0.003794687567278743,
          -0.011502528563141823
        ],
        "endpoints": [
          -0.022719720378518105,
          -0.013805348426103592,
          -0.012029056437313557,
          -0.009411890991032124,
          0.0017676042625680566,
          -0.018376773223280907,
          0.00024912008666433394,
          -0.01450425386428833,
          -0.010754717513918877,
          -0.016074171289801598,
          -0.014460086822509766,
          -0.005753386300057173,
          -0.00388719723559916,
          -0.021384788677096367,
          -0.016815178096294403,
          -0.009579241275787354,
          -0.020357301458716393,
          -0.010912971571087837,
          -0.004761796910315752,
          -0.006479428615421057
        ]
      },
      "flow_errors": {
        "switching_fraction_absolute_error": 0.1499999999999999,
        "nonuniform_fraction_absolute_error": 0.25,
        "endpoint_wasserstein_equal_count": 0.7395396066829563,
        "mean_neel_z_path_rmse": 0.3836533052830459
      },
      "deterministic_errors": {
        "switching_fraction_absolute_error": 0.04999999999999993,
        "nonuniform_fraction_absolute_error": 0.55,
        "endpoint_wasserstein_equal_count": 0.7927042534705834,
        "mean_neel_z_path_rmse": 0.544562822684654
      }
    }
  ],
  "flow_aggregate": {
    "switching_fraction_absolute_error": 0.4833333333333332,
    "nonuniform_fraction_absolute_error": 0.5333333333333333,
    "endpoint_wasserstein_equal_count": 0.7121527899056673,
    "mean_neel_z_path_rmse": 0.35647130194860077
  },
  "deterministic_aggregate": {
    "switching_fraction_absolute_error": 0.3499999999999999,
    "nonuniform_fraction_absolute_error": 0.3,
    "endpoint_wasserstein_equal_count": 0.7142531840979549,
    "mean_neel_z_path_rmse": 0.3985277116966275
  }
}
