bash: warning: setlocale: LC_ALL: cannot change locale (C.UTF-8)
bash: warning: setlocale: LC_ALL: cannot change locale (C.UTF-8)
NVIDIA GeForce RTX 3090
bash: warning: setlocale: LC_ALL: cannot change locale (C.UTF-8)
epoch=1 train=1.88701 validation=2.04435
{
  "status": "trained_and_internal_tested",
  "model_type": "deterministic",
  "parameters": 277270,
  "train_trajectories": 72,
  "validation_trajectories": 9,
  "test_trajectories": 9,
  "best_epoch": 1,
  "best_validation_loss": 2.0443475776248508,
  "test_loss": 1.9931948979695637,
  "history": [
    {
      "epoch": 1,
      "train_loss": 1.8870090088910527,
      "validation_loss": 2.0443475776248508
    }
  ],
  "claim_boundary": "training/test loss alone does not establish path-distribution or large-size physical generalization"
}
bash: warning: setlocale: LC_ALL: cannot change locale (C.UTF-8)
epoch=1 train=13.4568 validation=1.66183
{
  "status": "trained_and_internal_tested",
  "model_type": "flow",
  "parameters": 277270,
  "train_trajectories": 72,
  "validation_trajectories": 9,
  "test_trajectories": 9,
  "best_epoch": 1,
  "best_validation_loss": 1.6618338690863714,
  "test_loss": 1.6507071654001872,
  "history": [
    {
      "epoch": 1,
      "train_loss": 13.456819768581125,
      "validation_loss": 1.6618338690863714
    }
  ],
  "claim_boundary": "training/test loss alone does not establish path-distribution or large-size physical generalization"
}
