bash: warning: setlocale: LC_ALL: cannot change locale (C.UTF-8)
{
  "0.11": {
    "R1": {
      "probabilities": {
        "negative_endpoint": 0.296875,
        "crossed_zero": 0.34375,
        "committed_switch": 0.25,
        "crossing_return": 0.078125,
        "unresolved_transition": 0.0625
      },
      "probability_pointwise_ci95": [
        [
          0.15625,
          0.15625,
          0.109375,
          0.0,
          0.0
        ],
        [
          0.453125,
          0.53125,
          0.390625,
          0.1875,
          0.140625
        ]
      ],
      "endpoint_variance": 0.5078548641047623,
      "rmst": 14307.5,
      "spatial_correlation_final": [
        0.903755089757284,
        0.8263021893102646,
        0.7731471845910144,
        0.7394020079709751,
        0.7126678087388737,
        0.6929761170537323,
        0.6766977100601035,
        0.6644539418219808,
        0.6526387950139326,
        0.6335804987049224,
        0.6113160451419273,
        0.5975126634677387,
        0.5873007643306042,
        0.5785991337747926,
        0.575438342211944,
        0.5688695158705074,
        0.5633772992117014,
        0.5544129178008662,
        0.5485115948155496,
        0.5327996402079861,
        0.5132710656907137,
        0.48865756060488147,
        0.44527644446870995,
        0.41216154438414065
      ],
      "increment_variance": {
        "80": 0.008915108852424363,
        "320": 0.02015139263525786,
        "1280": 0.05653737338729421
      }
    },
    "R2": {
      "probabilities": {
        "negative_endpoint": 0.1875,
        "crossed_zero": 0.28125,
        "committed_switch": 0.171875,
        "crossing_return": 0.078125,
        "unresolved_transition": 0.078125
      },
      "probability_pointwise_ci95": [
        [
          0.09375,
          0.171875,
          0.078125,
          0.0,
          0.0
        ],
        [
          0.3125,
          0.40625,
          0.28125,
          0.171875,
          0.15625
        ]
      ],
      "endpoint_variance": 0.39338977252883933,
      "rmst": 14726.25,
      "spatial_correlation_final": [
        0.9047268239712947,
        0.8373356864869979,
        0.7888981571285152,
        0.7596732214166654,
        0.729643288984783,
        0.7055104246805161,
        0.6901164501104756,
        0.6813384392597923,
        0.6714706762721664,
        0.6630085337527893,
        0.65011051058712,
        0.6431342349105821,
        0.6310265655412648,
        0.6176297787728247,
        0.6044441627440938,
        0.5945893313545966,
        0.5933054127384474,
        0.5784111001617674,
        0.566587894690087,
        0.5409929842892562,
        0.5066689990600627,
        0.47030289334295217,
        0.3910729755324893,
        0.3251362350019513
      ],
      "increment_variance": {
        "80": 0.008474238587334863,
        "320": 0.01754843005125229,
        "1280": 0.04636409391170939
      }
    },
    "RFM11": {
      "probabilities": {
        "negative_endpoint": 0.046875,
        "crossed_zero": 0.171875,
        "committed_switch": 0.0,
        "crossing_return": 0.109375,
        "unresolved_transition": 0.59375
      },
      "probability_pointwise_ci95": [
        [
          0.0,
          0.0625,
          0.0,
          0.03125,
          0.421875
        ],
        [
          0.125,
          0.296875,
          0.0,
          0.21914062499999964,
          0.75
        ]
      ],
      "endpoint_variance": 0.059047131609685326,
      "rmst": 16000.0,
      "spatial_correlation_final": [
        0.7627365556649367,
        0.5216565192168944,
        0.3899115658124558,
        0.3359690564001993,
        0.3106862051311167,
        0.30270597853153247,
        0.2898475889690673,
        0.28212340460036733,
        0.2674475900093403,
        0.26827899032238783,
        0.2769454504061082,
        0.28583992958454096,
        0.3000333192101764,
        0.2932123134120859,
        0.2892992449518089,
        0.2974945220188665,
        0.27781356811903946,
        0.2468652504118054,
        0.2315129657608969,
        0.21971499351534676,
        0.19224454530177662,
        0.21738431241481695,
        0.22175804728808043,
        0.18917402898297195
      ],
      "increment_variance": {
        "80": 0.01625798782616352,
        "320": 0.03649999316357498,
        "1280": 0.03746921240765361
      }
    },
    "RFM11_64": {
      "probabilities": {
        "negative_endpoint": 0.046875,
        "crossed_zero": 0.1875,
        "committed_switch": 0.0,
        "crossing_return": 0.125,
        "unresolved_transition": 0.640625
      },
      "probability_pointwise_ci95": [
        [
          0.0,
          0.07773437500000002,
          0.0,
          0.03125,
          0.484375
        ],
        [
          0.125,
          0.3125,
          0.0,
          0.25,
          0.78125
        ]
      ],
      "endpoint_variance": 0.06005922926848847,
      "rmst": 16000.0,
      "spatial_correlation_final": [
        0.762832977804704,
        0.521380969576268,
        0.3880925790642716,
        0.3324809269175245,
        0.3060017050653145,
        0.2973707901226343,
        0.2842281178451274,
        0.2763204641882097,
        0.26170670034692695,
        0.2627374107309323,
        0.2716562373332095,
        0.2803994412401431,
        0.29446792818135187,
        0.2880895457652518,
        0.28476024954823154,
        0.2934901983537877,
        0.2739156219617567,
        0.2427839646160994,
        0.22738952838506024,
        0.2159601370992104,
        0.1885047703608101,
        0.21394373692411273,
        0.2188607118813044,
        0.18621764313333405
      ],
      "increment_variance": {
        "80": 0.016340836485552446,
        "320": 0.037005591944218305,
        "1280": 0.03805765397851353
      }
    },
    "RFM22": {
      "probabilities": {
        "negative_endpoint": 0.0625,
        "crossed_zero": 0.515625,
        "committed_switch": 0.0,
        "crossing_return": 0.40625,
        "unresolved_transition": 0.78125
      },
      "probability_pointwise_ci95": [
        [
          0.0,
          0.374609375,
          0.0,
          0.265625,
          0.625
        ],
        [
          0.171875,
          0.640625,
          0.0,
          0.53125,
          0.9222656249999996
        ]
      ],
      "endpoint_variance": 0.05276148338032956,
      "rmst": 16000.0,
      "spatial_correlation_final": [
        0.7444995598562479,
        0.4685541406619883,
        0.30003072814829546,
        0.2218502994394551,
        0.19211431403208748,
        0.17753285589267376,
        0.1569420631327821,
        0.14791381063927664,
        0.14269055692236407,
        0.14048266392656092,
        0.14366870798381703,
        0.14588866921629617,
        0.1336365730405361,
        0.11985085258785769,
        0.12126708028578488,
        0.11867309186176823,
        0.10406613723867382,
        0.09691530076345353,
        0.09963524952723755,
        0.06713224523780767,
        0.01657201166746084,
        0.0297777779338685,
        0.08150695989564843,
        0.08618732017387515
      ],
      "increment_variance": {
        "80": 0.02043210414355165,
        "320": 0.05381653471362882,
        "1280": 0.054959726270408495
      }
    },
    "RFM22_64": {
      "probabilities": {
        "negative_endpoint": 0.0625,
        "crossed_zero": 0.53125,
        "committed_switch": 0.0,
        "crossing_return": 0.421875,
        "unresolved_transition": 0.78125
      },
      "probability_pointwise_ci95": [
        [
          0.0,
          0.40625,
          0.0,
          0.280859375,
          0.625
        ],
        [
          0.171875,
          0.640625,
          0.0,
          0.5625,
          0.9222656249999996
        ]
      ],
      "endpoint_variance": 0.05364433405228859,
      "rmst": 16000.0,
      "spatial_correlation_final": [
        0.7444042325255674,
        0.4676635418217245,
        0.29763419111105094,
        0.2182654212650094,
        0.18785636567539601,
        0.17231419278249996,
        0.15103939204912742,
        0.1417985063542049,
        0.1363330317288447,
        0.1338564958439777,
        0.13682352633014613,
        0.1390164945141392,
        0.1269806262804633,
        0.11329289601915728,
        0.11454591773923439,
        0.11166696589695488,
        0.09697064878259858,
        0.08989076030023799,
        0.09289923358155204,
        0.060805192606481005,
        0.011287230152155396,
        0.025090740406685005,
        0.07798623999568398,
        0.08284470109447038
      ],
      "increment_variance": {
        "80": 0.020723089541530664,
        "320": 0.0552118998889967,
        "1280": 0.056502371080832274
      }
    },
    "RFM33": {
      "probabilities": {
        "negative_endpoint": 0.078125,
        "crossed_zero": 0.6875,
        "committed_switch": 0.0,
        "crossing_return": 0.484375,
        "unresolved_transition": 0.765625
      },
      "probability_pointwise_ci95": [
        [
          0.015234375000000022,
          0.53125,
          0.0,
          0.3125,
          0.625
        ],
        [
          0.15664062499999964,
          0.828125,
          0.0,
          0.6566406249999996,
          0.90625
        ]
      ],
      "endpoint_variance": 0.061842504847450526,
      "rmst": 16000.0,
      "spatial_correlation_final": [
        0.7485579617081999,
        0.47098248519175934,
        0.30106407260381796,
        0.21210494353437045,
        0.18247242019027105,
        0.18007254075095513,
        0.18195844693886365,
        0.1741680603072294,
        0.15838915407988743,
        0.1412823783735774,
        0.12340512578386227,
        0.12176462319072837,
        0.13233009074380092,
        0.12776456404369815,
        0.12154465348922026,
        0.12038638795939538,
        0.11775934996228732,
        0.10083607145397426,
        0.057875442526413204,
        0.04513507740715736,
        0.057566711034775835,
        0.06643875745721775,
        0.058181236818153154,
        0.05828038306078609
      ],
      "increment_variance": {
        "80": 0.02111931883007315,
        "320": 0.0652454627991247,
        "1280": 0.06582232962956927
      }
    },
    "RFM33_64": {
      "probabilities": {
        "negative_endpoint": 0.078125,
        "crossed_zero": 0.6875,
        "committed_switch": 0.0,
        "crossing_return": 0.46875,
        "unresolved_transition": 0.765625
      },
      "probability_pointwise_ci95": [
        [
          0.015234375000000022,
          0.53125,
          0.0,
          0.280859375,
          0.625
        ],
        [
          0.15664062499999964,
          0.828125,
          0.0,
          0.65625,
          0.90625
        ]
      ],
      "endpoint_variance": 0.06280128877970524,
      "rmst": 16000.0,
      "spatial_correlation_final": [
        0.749889306468096,
        0.4718188637122138,
        0.3004630665827996,
        0.2098760264436899,
        0.17880008934032793,
        0.17576428605888944,
        0.17764248343522623,
        0.16969230532746557,
        0.15351089742054624,
        0.13618097321615052,
        0.11823856268570754,
        0.11608898147820906,
        0.12647644964865462,
        0.12211548754792256,
        0.11587149078434088,
        0.11439225704061703,
        0.11194911673344461,
        0.09576098431377049,
        0.052726238990654484,
        0.03998732858971479,
        0.052419322164865334,
        0.06162497467519327,
        0.05392593868993584,
        0.05409443879351171
      ],
      "increment_variance": {
        "80": 0.021326268782667922,
        "320": 0.06655035766808555,
        "1280": 0.06732739018804136
      }
    }
  },
  "0.13": {
    "R1": {
      "probabilities": {
        "negative_endpoint": 0.546875,
        "crossed_zero": 0.828125,
        "committed_switch": 0.609375,
        "crossing_return": 0.5,
        "unresolved_transition": 0.203125
      },
      "probability_pointwise_ci95": [
        [
          0.390625,
          0.733984375,
          0.499609375,
          0.359375,
          0.09375
        ],
        [
          0.703125,
          0.921875,
          0.734375,
          0.65625,
          0.3125
        ]
      ],
      "endpoint_variance": 0.5018043310611127,
      "rmst": 11565.0,
      "spatial_correlation_final": [
        0.8780064275893523,
        0.7909496562903681,
        0.7223367214084504,
        0.6706765280769456,
        0.6346085231493953,
        0.6048081731494953,
        0.5821712322580914,
        0.5593866513586474,
        0.537803910246994,
        0.5204906908657324,
        0.4989752269767302,
        0.4950501389501434,
        0.4788922440320372,
        0.46703304451706373,
        0.4562553709944465,
        0.4271672548824632,
        0.40469626177843016,
        0.39212953466957157,
        0.3871788567480915,
        0.3707686116800245,
        0.36094615275116326,
        0.3351791942324215,
        0.3029577897738788,
        0.2939168321081551
      ],
      "increment_variance": {
        "80": 0.01661557379404781,
        "320": 0.049173443359756194,
        "1280": 0.15604914631180622
      }
    },
    "R2": {
      "probabilities": {
        "negative_endpoint": 0.40625,
        "crossed_zero": 0.75,
        "committed_switch": 0.484375,
        "crossing_return": 0.453125,
        "unresolved_transition": 0.234375
      },
      "probability_pointwise_ci95": [
        [
          0.296875,
          0.640625,
          0.358984375,
          0.28125,
          0.109375
        ],
        [
          0.53125,
          0.859375,
          0.609375,
          0.609375,
          0.390625
        ]
      ],
      "endpoint_variance": 0.4528542756168601,
      "rmst": 12530.0,
      "spatial_correlation_final": [
        0.8797573517785006,
        0.7882838347056701,
        0.717097778680228,
        0.6595885255906678,
        0.6089504167871022,
        0.5708243731802816,
        0.5447643869403843,
        0.5143915571144521,
        0.4877507376461795,
        0.46433486078889713,
        0.43988443523162074,
        0.41567751402442726,
        0.39418362183527467,
        0.37445531101895896,
        0.362822425521452,
        0.3557112708740379,
        0.33836159473817157,
        0.30535309789349907,
        0.2817511750930774,
        0.2702566973104359,
        0.23870794804394818,
        0.20848404823131267,
        0.1836217857545013,
        0.15214195602091352
      ],
      "increment_variance": {
        "80": 0.015915186184233848,
        "320": 0.04429372396574721,
        "1280": 0.1371410864423174
      }
    },
    "RFM11": {
      "probabilities": {
        "negative_endpoint": 0.53125,
        "crossed_zero": 1.0,
        "committed_switch": 0.015625,
        "crossing_return": 0.984375,
        "unresolved_transition": 0.9375
      },
      "probability_pointwise_ci95": [
        [
          0.328125,
          1.0,
          0.0,
          0.9375,
          0.84375
        ],
        [
          0.71875,
          1.0,
          0.0625,
          1.0,
          1.0
        ]
      ],
      "endpoint_variance": 0.10645045927222882,
      "rmst": 15975.0,
      "spatial_correlation_final": [
        0.7359962932958074,
        0.4437172558409291,
        0.25477340289828315,
        0.13265545610506038,
        0.06460254760508653,
        0.027622036436338357,
        -0.0040008944363313925,
        -0.03201960154940047,
        -0.03260099970538859,
        -0.02304117531956888,
        -0.01995687333715412,
        -0.012754112878448742,
        0.008244868673739709,
        0.030362321843219048,
        0.020994376534201175,
        -0.004171656672694464,
        -0.006529765719541379,
        -0.003433777170737869,
        -0.007929649860361453,
        -0.008560215115642868,
        -0.007755448392141321,
        0.025865903450361716,
        0.06404930110363533,
        0.06269019068757281
      ],
      "increment_variance": {
        "80": 0.046214309659724125,
        "320": 0.14216795191450016,
        "1280": 0.15656532774547482
      }
    },
    "RFM11_64": {
      "probabilities": {
        "negative_endpoint": 0.5625,
        "crossed_zero": 1.0,
        "committed_switch": 0.015625,
        "crossing_return": 0.984375,
        "unresolved_transition": 0.921875
      },
      "probability_pointwise_ci95": [
        [
          0.40625,
          1.0,
          0.0,
          0.9375,
          0.84375
        ],
        [
          0.71875,
          1.0,
          0.0625,
          1.0,
          0.984375
        ]
      ],
      "endpoint_variance": 0.10689399622548044,
      "rmst": 15975.0,
      "spatial_correlation_final": [
        0.738483561960524,
        0.44784913678799365,
        0.2588995213376704,
        0.1357428036387659,
        0.06637338138451965,
        0.028562600708134194,
        -0.0031962959444525683,
        -0.03115642365917758,
        -0.031699442722396075,
        -0.02253307186092214,
        -0.020132323095854786,
        -0.013027994806543442,
        0.008125453982913693,
        0.03038082502102375,
        0.020723655548560403,
        -0.004847718550470494,
        -0.007686374834795869,
        -0.005091320778836058,
        -0.009697417785356047,
        -0.009969797314342891,
        -0.008487184422351232,
        0.02589108445603221,
        0.0645230162616506,
        0.06354101499575261
      ],
      "increment_variance": {
        "80": 0.04648467623996923,
        "320": 0.1437864596224257,
        "1280": 0.15878682211542625
      }
    },
    "RFM22": {
      "probabilities": {
        "negative_endpoint": 0.71875,
        "crossed_zero": 1.0,
        "committed_switch": 0.234375,
        "crossing_return": 0.96875,
        "unresolved_transition": 0.96875
      },
      "probability_pointwise_ci95": [
        [
          0.593359375,
          1.0,
          0.125,
          0.890625,
          0.890625
        ],
        [
          0.84375,
          1.0,
          0.34375,
          1.0,
          1.0
        ]
      ],
      "endpoint_variance": 0.07165095442557969,
      "rmst": 15477.5,
      "spatial_correlation_final": [
        0.6604216107615757,
        0.3283389054792373,
        0.1407902185190592,
        0.07221688089042108,
        0.062190756735067305,
        0.06313826332835584,
        0.04815291987651388,
        0.028166138056648773,
        0.01536098385356344,
        0.010524164513245074,
        0.017801642316592044,
        0.020177906748028124,
        0.02220906307086292,
        0.028476693929092935,
        0.028293042604851534,
        0.026691615375443577,
        0.020791700846992202,
        0.021341050023936676,
        0.015457891864111869,
        0.0038185036043656253,
        0.002914371600539814,
        -0.0012320748329470053,
        -0.0335824034132127,
        -0.08623293442164633
      ],
      "increment_variance": {
        "80": 0.047276419916708716,
        "320": 0.15345305105348203,
        "1280": 0.16553718869656817
      }
    },
    "RFM22_64": {
      "probabilities": {
        "negative_endpoint": 0.71875,
        "crossed_zero": 1.0,
        "committed_switch": 0.265625,
        "crossing_return": 0.984375,
        "unresolved_transition": 0.9375
      },
      "probability_pointwise_ci95": [
        [
          0.593359375,
          1.0,
          0.15625,
          0.9375,
          0.859375
        ],
        [
          0.84375,
          1.0,
          0.390625,
          1.0,
          1.0
        ]
      ],
      "endpoint_variance": 0.07192333548073673,
      "rmst": 15413.75,
      "spatial_correlation_final": [
        0.6631486240218233,
        0.33286973045186846,
        0.1456818972170492,
        0.07642881822998691,
        0.06576494482218953,
        0.06667268749810379,
        0.05235722122673186,
        0.03285865168388253,
        0.02003150294105891,
        0.014723358420229392,
        0.021645661464582525,
        0.023657860550011508,
        0.0262203292959206,
        0.03316537389095447,
        0.03298781600668145,
        0.030975447764971586,
        0.025029053794009305,
        0.02576366638817134,
        0.01948030972784608,
        0.007486379807080575,
        0.006522277256879769,
        0.002191393786955423,
        -0.030034526290329492,
        -0.08307981875149058
      ],
      "increment_variance": {
        "80": 0.04745239633458951,
        "320": 0.15465266364328484,
        "1280": 0.16747510481669212
      }
    },
    "RFM33": {
      "probabilities": {
        "negative_endpoint": 0.734375,
        "crossed_zero": 1.0,
        "committed_switch": 0.265625,
        "crossing_return": 1.0,
        "unresolved_transition": 0.96875
      },
      "probability_pointwise_ci95": [
        [
          0.578125,
          1.0,
          0.14023437500000002,
          1.0,
          0.890625
        ],
        [
          0.8753906249999996,
          1.0,
          0.40625,
          1.0,
          1.0
        ]
      ],
      "endpoint_variance": 0.06702818698466301,
      "rmst": 15502.5,
      "spatial_correlation_final": [
        0.6772467660224286,
        0.3515257065752659,
        0.16073533155115824,
        0.06361409652731562,
        0.037475255785504535,
        0.04917816916768307,
        0.046329621094992814,
        0.030420152542447988,
        0.008450307164516776,
        -0.006425464737751877,
        -0.015157196524520513,
        -0.028636237344736876,
        -0.028145892734824943,
        -0.037438270415119844,
        -0.06587925681861952,
        -0.08130432149250016,
        -0.10640192041496474,
        -0.13555958184429923,
        -0.13663403363977605,
        -0.11329885760137563,
        -0.06086720230388633,
        -0.02139626599321417,
        -0.05533475996579913,
        0.0038475740857057995
      ],
      "increment_variance": {
        "80": 0.041140220585157025,
        "320": 0.1477010273314498,
        "1280": 0.15712173785386538
      }
    },
    "RFM33_64": {
      "probabilities": {
        "negative_endpoint": 0.75,
        "crossed_zero": 1.0,
        "committed_switch": 0.265625,
        "crossing_return": 1.0,
        "unresolved_transition": 0.96875
      },
      "probability_pointwise_ci95": [
        [
          0.59375,
          1.0,
          0.14023437500000002,
          1.0,
          0.890625
        ],
        [
          0.90625,
          1.0,
          0.40625,
          1.0,
          1.0
        ]
      ],
      "endpoint_variance": 0.06745441023645136,
      "rmst": 15502.5,
      "spatial_correlation_final": [
        0.6803874523509098,
        0.35629732511888257,
        0.16526485393370458,
        0.06770046942826438,
        0.04091427825734841,
        0.052452454602697665,
        0.04952335614760941,
        0.03294178742768158,
        0.01043119191927222,
        -0.004170477484418383,
        -0.012473850738283627,
        -0.025357471855825917,
        -0.02477019827009202,
        -0.03428641946595989,
        -0.06311138250579242,
        -0.07924486569235169,
        -0.10507205426194487,
        -0.13506464013584019,
        -0.1365452240297297,
        -0.11308820044085817,
        -0.06045320564593133,
        -0.01932130887453518,
        -0.05212395524458028,
        0.00716744874067193
      ],
      "increment_variance": {
        "80": 0.04127837656790801,
        "320": 0.14889434448496316,
        "1280": 0.1589370847578678
      }
    }
  }
}
Completed physical figures, per-path CSV, source checksums; no training or source changes.
