bash: warning: setlocale: LC_ALL: cannot change locale (C.UTF-8)
bash: warning: setlocale: LC_ALL: cannot change locale (C.UTF-8)
NVIDIA GeForce RTX 3090
bash: warning: setlocale: LC_ALL: cannot change locale (C.UTF-8)
epoch=1 train=1.9491 validation=1.99056
{
  "status": "trained_and_internal_tested",
  "model_type": "deterministic",
  "parameters": 277270,
  "train_trajectories": 72,
  "validation_trajectories": 9,
  "test_trajectories": 9,
  "best_epoch": 1,
  "best_validation_loss": 1.9905625979105632,
  "test_loss": 2.0073609749476113,
  "history": [
    {
      "epoch": 1,
      "train_loss": 1.949096579518583,
      "validation_loss": 1.9905625979105632
    }
  ],
  "claim_boundary": "training/test loss alone does not establish path-distribution or large-size physical generalization"
}
bash: warning: setlocale: LC_ALL: cannot change locale (C.UTF-8)
epoch=1 train=11.1538 validation=1.36388
{
  "status": "trained_and_internal_tested",
  "model_type": "flow",
  "parameters": 277270,
  "train_trajectories": 72,
  "validation_trajectories": 9,
  "test_trajectories": 9,
  "best_epoch": 1,
  "best_validation_loss": 1.363876011636522,
  "test_loss": 1.68825368086497,
  "history": [
    {
      "epoch": 1,
      "train_loss": 11.153781225283941,
      "validation_loss": 1.363876011636522
    }
  ],
  "claim_boundary": "training/test loss alone does not establish path-distribution or large-size physical generalization"
}
