{
  "directories": 169,
  "bytes": 391837039,
  "targets": [
    "assets/literature_reproduction/bauer_2011/20260910_110834_validation_000",
    "assets/literature_reproduction/bauer_2011/20260910_110834_validation_001",
    "assets/literature_reproduction/bauer_2011/20260910_110834_validation_002",
    "assets/literature_reproduction/bauer_2011/20260910_110834_validation_003",
    "assets/literature_reproduction/bauer_2011/20260910_110834_validation_004",
    "assets/literature_reproduction/bauer_2011/20260910_110834_validation_005",
    "assets/literature_reproduction/bauer_2011/20260910_110834_validation_006",
    "assets/literature_reproduction/bauer_2011/20260910_110834_validation_007",
    "assets/literature_reproduction/bauer_2011/20260910_110834_validation_008",
    "assets/literature_reproduction/bauer_2011/implementation_smoke_20260910",
    "assets/literature_reproduction/bauer_2011/runs/20260910_110834_validation_000",
    "assets/literature_reproduction/bauer_2011/runs/20260910_110834_validation_001",
    "assets/literature_reproduction/bauer_2011/runs/20260910_110834_validation_002",
    "assets/literature_reproduction/bauer_2011/runs/20260910_110834_validation_003",
    "assets/literature_reproduction/bauer_2011/runs/20260910_110834_validation_004",
    "assets/literature_reproduction/bauer_2011/runs/20260910_110834_validation_005",
    "assets/literature_reproduction/bauer_2011/runs/20260910_110834_validation_006",
    "assets/literature_reproduction/bauer_2011/runs/20260910_110834_validation_007",
    "assets/literature_reproduction/bauer_2011/runs/20260910_110834_validation_008",
    "assets/literature_reproduction/bauer_2011/runs/implementation_smoke_20260910",
    "assets/literature_reproduction/bauer_2011/runs/implementation_weak_rk_20260910",
    "assets/literature_reproduction/bauer_2011/runs/legacy_before_reduced_20260909",
    "assets/literature_reproduction/bauer_2011/runs/r2_r5_validation_20260910_110834_cuda_smoke",
    "assets/literature_reproduction/bauer_2011/runs/smoke_20260910_r2",
    "assets/literature_reproduction/bauer_2011/runs/smoke_20260910_r2_frozen",
    "assets/literature_reproduction/cross_paper_legacy",
    "assets/literature_reproduction/gomonay_2024/20260910_110834_validation_043",
    "assets/literature_reproduction/gomonay_2024/20260910_110834_validation_044",
    "assets/literature_reproduction/gomonay_2024/20260910_110834_validation_045",
    "assets/literature_reproduction/gomonay_2024/20260910_110834_validation_046",
    "assets/literature_reproduction/gomonay_2024/20260910_110834_validation_047",
    "assets/literature_reproduction/gomonay_2024/20260910_110834_validation_048",
    "assets/literature_reproduction/gomonay_2024/20260910_110834_validation_049",
    "assets/literature_reproduction/gomonay_2024/20260910_110834_validation_050",
    "assets/literature_reproduction/gomonay_2024/20260910_110834_validation_051",
    "assets/literature_reproduction/gomonay_2024/20260910_110834_validation_052",
    "assets/literature_reproduction/gomonay_2024/20260910_110834_validation_053",
    "assets/literature_reproduction/gomonay_2024/20260910_110834_validation_054",
    "assets/literature_reproduction/gomonay_2024/20260910_110834_validation_055",
    "assets/literature_reproduction/gomonay_2024/20260910_110834_validation_056",
    "assets/literature_reproduction/gomonay_2024/20260910_110834_validation_057",
    "assets/literature_reproduction/gomonay_2024/20260910_110834_validation_058",
    "assets/literature_reproduction/gomonay_2024/20260910_110834_validation_059",
    "assets/literature_reproduction/gomonay_2024/20260910_110834_validation_060",
    "assets/literature_reproduction/gomonay_2024/20260910_110834_validation_061",
    "assets/literature_reproduction/gomonay_2024/20260910_110834_validation_062",
    "assets/literature_reproduction/gomonay_2024/20260910_110834_validation_063",
    "assets/literature_reproduction/gomonay_2024/20260910_110834_validation_064",
    "assets/literature_reproduction/gomonay_2024/implementation_smoke_20260910",
    "assets/literature_reproduction/gomonay_2024/legacy_before_reduced_20260909",
    "assets/literature_reproduction/gomonay_2024/runs/20260910_110834_validation_043",
    "assets/literature_reproduction/gomonay_2024/runs/20260910_110834_validation_044",
    "assets/literature_reproduction/gomonay_2024/runs/20260910_110834_validation_045",
    "assets/literature_reproduction/gomonay_2024/runs/20260910_110834_validation_046",
    "assets/literature_reproduction/gomonay_2024/runs/20260910_110834_validation_047",
    "assets/literature_reproduction/gomonay_2024/runs/20260910_110834_validation_048",
    "assets/literature_reproduction/gomonay_2024/runs/20260910_110834_validation_049",
    "assets/literature_reproduction/gomonay_2024/runs/20260910_110834_validation_050",
    "assets/literature_reproduction/gomonay_2024/runs/20260910_110834_validation_051",
    "assets/literature_reproduction/gomonay_2024/runs/20260910_110834_validation_052",
    "assets/literature_reproduction/gomonay_2024/runs/20260910_110834_validation_053",
    "assets/literature_reproduction/gomonay_2024/runs/20260910_110834_validation_054",
    "assets/literature_reproduction/gomonay_2024/runs/20260910_110834_validation_055",
    "assets/literature_reproduction/gomonay_2024/runs/20260910_110834_validation_056",
    "assets/literature_reproduction/gomonay_2024/runs/20260910_110834_validation_057",
    "assets/literature_reproduction/gomonay_2024/runs/20260910_110834_validation_058",
    "assets/literature_reproduction/gomonay_2024/runs/20260910_110834_validation_059",
    "assets/literature_reproduction/gomonay_2024/runs/20260910_110834_validation_060",
    "assets/literature_reproduction/gomonay_2024/runs/20260910_110834_validation_061",
    "assets/literature_reproduction/gomonay_2024/runs/20260910_110834_validation_062",
    "assets/literature_reproduction/gomonay_2024/runs/20260910_110834_validation_063",
    "assets/literature_reproduction/gomonay_2024/runs/20260910_110834_validation_064",
    "assets/literature_reproduction/gomonay_2024/runs/implementation_smoke_20260910",
    "assets/literature_reproduction/gomonay_2024/runs/legacy_before_reduced_20260909",
    "assets/literature_reproduction/gomonay_2024/runs/r2_r5_validation_20260910_110834_cuda_smoke",
    "assets/literature_reproduction/hirst_mn2au_2022/20260910_110834_validation_009",
    "assets/literature_reproduction/hirst_mn2au_2022/20260910_110834_validation_010",
    "assets/literature_reproduction/hirst_mn2au_2022/20260910_110834_validation_011",
    "assets/literature_reproduction/hirst_mn2au_2022/20260910_110834_validation_012",
    "assets/literature_reproduction/hirst_mn2au_2022/20260910_110834_validation_013",
    "assets/literature_reproduction/hirst_mn2au_2022/20260910_110834_validation_014",
    "assets/literature_reproduction/hirst_mn2au_2022/20260910_110834_validation_015",
    "assets/literature_reproduction/hirst_mn2au_2022/20260910_110834_validation_016",
    "assets/literature_reproduction/hirst_mn2au_2022/20260910_110834_validation_017",
    "assets/literature_reproduction/hirst_mn2au_2022/20260910_110834_validation_032",
    "assets/literature_reproduction/hirst_mn2au_2022/20260910_110834_validation_033",
    "assets/literature_reproduction/hirst_mn2au_2022/20260910_110834_validation_034",
    "assets/literature_reproduction/hirst_mn2au_2022/20260910_110834_validation_035",
    "assets/literature_reproduction/hirst_mn2au_2022/20260910_110834_validation_036",
    "assets/literature_reproduction/hirst_mn2au_2022/20260910_110834_validation_037",
    "assets/literature_reproduction/hirst_mn2au_2022/20260910_110834_validation_038",
    "assets/literature_reproduction/hirst_mn2au_2022/20260910_110834_validation_039",
    "assets/literature_reproduction/hirst_mn2au_2022/20260910_110834_validation_040",
    "assets/literature_reproduction/hirst_mn2au_2022/20260910_110834_validation_041",
    "assets/literature_reproduction/hirst_mn2au_2022/20260910_110834_validation_042",
    "assets/literature_reproduction/hirst_mn2au_2022/implementation_smoke_20260910",
    "assets/literature_reproduction/hirst_mn2au_2022/runs/20260910_110834_validation_009",
    "assets/literature_reproduction/hirst_mn2au_2022/runs/20260910_110834_validation_010",
    "assets/literature_reproduction/hirst_mn2au_2022/runs/20260910_110834_validation_011",
    "assets/literature_reproduction/hirst_mn2au_2022/runs/20260910_110834_validation_012",
    "assets/literature_reproduction/hirst_mn2au_2022/runs/20260910_110834_validation_013",
    "assets/literature_reproduction/hirst_mn2au_2022/runs/20260910_110834_validation_014",
    "assets/literature_reproduction/hirst_mn2au_2022/runs/20260910_110834_validation_015",
    "assets/literature_reproduction/hirst_mn2au_2022/runs/20260910_110834_validation_016",
    "assets/literature_reproduction/hirst_mn2au_2022/runs/20260910_110834_validation_017",
    "assets/literature_reproduction/hirst_mn2au_2022/runs/20260910_110834_validation_032",
    "assets/literature_reproduction/hirst_mn2au_2022/runs/20260910_110834_validation_033",
    "assets/literature_reproduction/hirst_mn2au_2022/runs/20260910_110834_validation_034",
    "assets/literature_reproduction/hirst_mn2au_2022/runs/20260910_110834_validation_035",
    "assets/literature_reproduction/hirst_mn2au_2022/runs/20260910_110834_validation_036",
    "assets/literature_reproduction/hirst_mn2au_2022/runs/20260910_110834_validation_037",
    "assets/literature_reproduction/hirst_mn2au_2022/runs/20260910_110834_validation_038",
    "assets/literature_reproduction/hirst_mn2au_2022/runs/20260910_110834_validation_039",
    "assets/literature_reproduction/hirst_mn2au_2022/runs/20260910_110834_validation_040",
    "assets/literature_reproduction/hirst_mn2au_2022/runs/20260910_110834_validation_041",
    "assets/literature_reproduction/hirst_mn2au_2022/runs/20260910_110834_validation_042",
    "assets/literature_reproduction/hirst_mn2au_2022/runs/implementation_llb_smoke_20260910",
    "assets/literature_reproduction/hirst_mn2au_2022/runs/implementation_smoke_20260910",
    "assets/literature_reproduction/hirst_mn2au_2022/runs/legacy_before_reduced_20260909",
    "assets/literature_reproduction/hirst_mn2au_2022/runs/r2_r5_validation_20260910_110834_cuda_smoke",
    "assets/literature_reproduction/laliena_crnb3s6_2020/20260910_110834_validation_018",
    "assets/literature_reproduction/laliena_crnb3s6_2020/20260910_110834_validation_019",
    "assets/literature_reproduction/laliena_crnb3s6_2020/20260910_110834_validation_020",
    "assets/literature_reproduction/laliena_crnb3s6_2020/20260910_110834_validation_021",
    "assets/literature_reproduction/laliena_crnb3s6_2020/20260910_110834_validation_022",
    "assets/literature_reproduction/laliena_crnb3s6_2020/20260910_110834_validation_023",
    "assets/literature_reproduction/laliena_crnb3s6_2020/20260910_110834_validation_024",
    "assets/literature_reproduction/laliena_crnb3s6_2020/20260910_110834_validation_025",
    "assets/literature_reproduction/laliena_crnb3s6_2020/20260910_110834_validation_026",
    "assets/literature_reproduction/laliena_crnb3s6_2020/20260910_110834_validation_027",
    "assets/literature_reproduction/laliena_crnb3s6_2020/20260910_110834_validation_028",
    "assets/literature_reproduction/laliena_crnb3s6_2020/20260910_110834_validation_029",
    "assets/literature_reproduction/laliena_crnb3s6_2020/20260910_110834_validation_030",
    "assets/literature_reproduction/laliena_crnb3s6_2020/20260910_110834_validation_031",
    "assets/literature_reproduction/laliena_crnb3s6_2020/implementation_branch_20260910",
    "assets/literature_reproduction/laliena_crnb3s6_2020/implementation_profile_20260910",
    "assets/literature_reproduction/laliena_crnb3s6_2020/implementation_smoke_20260910",
    "assets/literature_reproduction/laliena_crnb3s6_2020/runs/20260910_110834_validation_018",
    "assets/literature_reproduction/laliena_crnb3s6_2020/runs/20260910_110834_validation_019",
    "assets/literature_reproduction/laliena_crnb3s6_2020/runs/20260910_110834_validation_020",
    "assets/literature_reproduction/laliena_crnb3s6_2020/runs/20260910_110834_validation_021",
    "assets/literature_reproduction/laliena_crnb3s6_2020/runs/20260910_110834_validation_022",
    "assets/literature_reproduction/laliena_crnb3s6_2020/runs/20260910_110834_validation_023",
    "assets/literature_reproduction/laliena_crnb3s6_2020/runs/20260910_110834_validation_024",
    "assets/literature_reproduction/laliena_crnb3s6_2020/runs/20260910_110834_validation_025",
    "assets/literature_reproduction/laliena_crnb3s6_2020/runs/20260910_110834_validation_026",
    "assets/literature_reproduction/laliena_crnb3s6_2020/runs/20260910_110834_validation_027",
    "assets/literature_reproduction/laliena_crnb3s6_2020/runs/20260910_110834_validation_028",
    "assets/literature_reproduction/laliena_crnb3s6_2020/runs/20260910_110834_validation_029",
    "assets/literature_reproduction/laliena_crnb3s6_2020/runs/20260910_110834_validation_030",
    "assets/literature_reproduction/laliena_crnb3s6_2020/runs/20260910_110834_validation_031",
    "assets/literature_reproduction/laliena_crnb3s6_2020/runs/implementation_branch_20260910",
    "assets/literature_reproduction/laliena_crnb3s6_2020/runs/implementation_profile_20260910",
    "assets/literature_reproduction/laliena_crnb3s6_2020/runs/implementation_smoke_20260910",
    "assets/literature_reproduction/laliena_crnb3s6_2020/runs/legacy_before_reduced_20260909",
    "assets/literature_reproduction/laliena_crnb3s6_2020/runs/r2_r5_validation_20260910_110834_cuda_smoke",
    "assets/literature_reproduction/nishino_miyashita_2015/runs/legacy_before_reduced_20260909",
    "assets/research/audit",
    "assets/research/audit_data",
    "assets/research/models/diagnostics",
    "assets/research/models/production",
    "assets/research/multimodality_validation",
    "assets/research/runs/diagnostics",
    "assets/research/runs/production",
    "assets/research/runs/smoke",
    "assets/research/size_convergence",
    "assets/research/standard_v2",
    "assets/research/training_benchmark",
    "assets/research/unbiased_smoke"
  ]
}
Verified recoverable archive: /share/home/xlzou/WORKSPACE/rszhong/workspace/test_new_project/assets_history_backup_20260913_2j89vohe
